******************************************************************************
                  TI ARM Linker PC v15.12.3                    
******************************************************************************
>> Linked Wed Feb 15 14:08:30 2017

OUTPUT FILE NAME:   <570_UART_Example.out>
ENTRY POINT SYMBOL: "_c_int00"  address: 0000526c


MEMORY CONFIGURATION

         name            origin    length      used     unused   attr    fill
----------------------  --------  ---------  --------  --------  ----  --------
  VECTORS               00000000   00000020  00000020  00000000     X
  FLASH0                00000020   0005ffe0  0000684b  00059795  R  X
  STACKS                08000000   00001500  00000000  00001500  RW  
  RAM                   08001500   00006b00  00000845  000062bb  RW  


SEGMENT ALLOCATION MAP

run origin  load origin   length   init length attrs members
----------  ----------- ---------- ----------- ----- -------
00000000    00000000    0000686c   0000686c    r-x
  00000000    00000000    00000020   00000020    r-x .intvecs
  00000020    00000020    00006684   00006684    r-x .text
  000066a4    000066a4    00000183   00000183    r-- .const
  00006828    00006828    00000044   00000044    r-- .cinit
08001500    08001500    00000845   00000000    rw-
  08001500    08001500    00000800   00000000    rw- .sysmem
  08001d00    08001d00    00000024   00000000    rw- .data
  08001d24    08001d24    00000021   00000000    rw- .bss


SECTION ALLOCATION MAP

 output                                  attributes/
section   page    origin      length       input sections
--------  ----  ----------  ----------   ----------------
.intvecs   0    00000000    00000020     
                  00000000    00000020     sys_intvecs.obj (.intvecs)

.text      0    00000020    00006684     
                  00000020    000024f0     sys_selftest.obj (.text)
                  00002510    00000a64     system.obj (.text)
                  00002f74    00000898     sys_vim.obj (.text)
                  0000380c    000006ec     sci.obj (.text)
                  00003ef8    0000063c     rtsv7R4_A_be_eabi.lib : memory.obj (.text)
                  00004534    000005e8     esm.obj (.text)
                  00004b1c    000002d0     sys_core.obj (.text)
                  00004dec    0000026c     sys_vim.obj (.text:retain)
                  00005058    00000214     rtsv7R4_A_be_eabi.lib : fd_add32.obj (.text)
                  0000526c    00000208     sys_startup.obj (.text:retain)
                  00005474    000001fc     SFU_Serial.obj (.text)
                  00005670    000001d8     sci.obj (.text:retain)
                  00005848    00000190     rtsv7R4_A_be_eabi.lib : fd_div32.obj (.text)
                  000059d8    00000180                           : memcpy32.obj (.text)
                  00005b58    00000158                           : s_floor.obj (.text)
                  00005cb0    00000150     pinmux.obj (.text)
                  00005e00    000000ec     esm.obj (.text:retain)
                  00005eec    000000e8     dabort.obj (.text)
                  00005fd4    000000e0     rtsv7R4_A_be_eabi.lib : fd_cmp32.obj (.text:__aeabi_cdrcmple)
                  000060b4    000000e0     sys_pmu.obj (.text)
                  00006194    000000b0     rtsv7R4_A_be_eabi.lib : memset32.obj (.text)
                  00006244    000000a8                           : autoinit.obj (.text)
                  000062ec    0000009c                           : copy_decompress_rle.obj (.text)
                  00006388    00000090                           : exit.obj (.text)
                  00006418    00000084                           : cpy_tbl.obj (.text)
                  0000649c    0000006c     notification.obj (.text)
                  00006508    00000068     sys_main.obj (.text)
                  00006570    00000058     rtsv7R4_A_be_eabi.lib : fd_tou32.obj (.text)
                  000065c8    00000034                           : u_tofd32.obj (.text)
                  000065fc    00000028                           : strcat.obj (.text)
                  00006624    00000024                           : _lock.obj (.text)
                  00006648    00000020                           : strlen.obj (.text)
                  00006668    00000018                           : strcpy.obj (.text)
                  00006680    00000014                           : copy_decompress_none.obj (.text:decompress:none)
                  00006694    00000008                           : copy_decompress_rle.obj (.text:decompress:rle24)
                  0000669c    00000004     sys_phantom.obj (.text:retain)
                  000066a0    00000004     rtsv7R4_A_be_eabi.lib : startup.obj (.text)

.const     0    000066a4    00000183     
                  000066a4    00000180     sys_vim.obj (.const:s_vim_init)
                  00006824    00000003     SFU_Serial.obj (.const:.string:$P$T0$1)

.cinit     0    00006828    00000044     
                  00006828    00000020     (.cinit..data.load) [load image, compression = rle]
                  00006848    00000009     (.cinit..bss.load) [load image, compression = rle]
                  00006851    00000003     --HOLE-- [fill = 0]
                  00006854    00000008     (__TI_handler_table)
                  0000685c    00000010     (__TI_cinit_table)

.sysmem    0    08001500    00000800     UNINITIALIZED
                  08001500    00000008     rtsv7R4_A_be_eabi.lib : memory.obj (.sysmem)
                  08001508    000007f8     --HOLE--

.data      0    08001d00    00000024     UNINITIALIZED
                  08001d00    0000000c     rtsv7R4_A_be_eabi.lib : exit.obj (.data:$O1$$)
                  08001d0c    0000000c                           : memory.obj (.data:$O1$$)
                  08001d18    00000008                           : _lock.obj (.data:$O1$$)
                  08001d20    00000004     SFU_Serial.obj (.data)

.bss       0    08001d24    00000021     UNINITIALIZED
                  08001d24    00000014     sci.obj (.bss:g_sciTransfer_t)
                  08001d38    0000000c     SFU_Serial.obj (.bss:inputBuffer)
                  08001d44    00000001     SFU_Serial.obj (.bss)

MODULE SUMMARY

       Module                     code    ro data   rw data
       ------                     ----    -------   -------
    .\SFUsat\
       SFU_Serial.obj             508     3         17     
    +--+--------------------------+-------+---------+---------+
       Total:                     508     3         17     
                                                           
    .\source\
       sys_selftest.obj           9456    0         0      
       sys_vim.obj                2820    384       0      
       system.obj                 2660    0         0      
       sci.obj                    2244    0         20     
       esm.obj                    1748    0         0      
       sys_core.obj               720     0         0      
       sys_startup.obj            520     0         0      
       pinmux.obj                 336     0         0      
       dabort.obj                 232     0         0      
       sys_pmu.obj                224     0         0      
       notification.obj           108     0         0      
       sys_main.obj               104     0         0      
       sys_intvecs.obj            32      0         0      
       sys_phantom.obj            4       0         0      
    +--+--------------------------+-------+---------+---------+
       Total:                     21208   384       20     
                                                           
    C:\TI\ccsv6\tools\compiler\arm_15.12.3.LTS\lib\rtsv7R4_A_be_eabi.lib
       memory.obj                 1596    0         12     
       fd_add32.obj               532     0         0      
       fd_div32.obj               400     0         0      
       memcpy32.obj               384     0         0      
       s_floor.obj                344     0         0      
       fd_cmp32.obj               224     0         0      
       memset32.obj               176     0         0      
       autoinit.obj               168     0         0      
       copy_decompress_rle.obj    164     0         0      
       exit.obj                   144     0         12     
       cpy_tbl.obj                132     0         0      
       fd_tou32.obj               88      0         0      
       u_tofd32.obj               52      0         0      
       _lock.obj                  36      0         8      
       strcat.obj                 40      0         0      
       strlen.obj                 32      0         0      
       strcpy.obj                 24      0         0      
       copy_decompress_none.obj   20      0         0      
       startup.obj                4       0         0      
    +--+--------------------------+-------+---------+---------+
       Total:                     4560    0         32     
                                                           
       Heap:                      0       0         2048   
       Linker Generated:          0       65        0      
    +--+--------------------------+-------+---------+---------+
       Grand Total:               26276   452       2117   


LINKER GENERATED COPY TABLES

__TI_cinit_table @ 0000685c records: 2, size/record: 8, table size: 16
	.data: load addr=00006828, load size=00000020 bytes, run addr=08001d00, run size=00000024 bytes, compression=rle
	.bss: load addr=00006848, load size=00000009 bytes, run addr=08001d24, run size=00000021 bytes, compression=rle


LINKER GENERATED HANDLER TABLE

__TI_handler_table @ 00006854 records: 2, size/record: 4, table size: 8
	index: 0, handler: __TI_decompress_rle24
	index: 1, handler: __TI_decompress_none


GLOBAL SYMBOLS: SORTED ALPHABETICALLY BY Name 

address   name                                
-------   ----                                
00006388  C$$EXIT                             
UNDEFED   SHT$$INIT_ARRAY$$Base               
UNDEFED   SHT$$INIT_ARRAY$$Limit              
00000800  __SYSMEM_SIZE                       
0000685c  __TI_CINIT_Base                     
0000686c  __TI_CINIT_Limit                    
00006854  __TI_Handler_Table_Base             
0000685c  __TI_Handler_Table_Limit            
00004de4  __TI_PINIT_Base                     
00004de8  __TI_PINIT_Limit                    
00006244  __TI_auto_init                      
08001d00  __TI_cleanup_ptr                    
00006680  __TI_decompress_none                
00006694  __TI_decompress_rle24               
08001d04  __TI_dtors_ptr                      
08001d08  __TI_enable_exit_profile_output     
ffffffff  __TI_pprof_out_hndl                 
ffffffff  __TI_prof_data_size                 
ffffffff  __TI_prof_data_start                
00000000  __TI_static_base__                  
00005fd4  __aeabi_cdrcmple                    
00006570  __aeabi_d2uiz                       
00005064  __aeabi_dadd                        
00005848  __aeabi_ddiv                        
00005058  __aeabi_dsub                        
00006194  __aeabi_memclr                      
00006194  __aeabi_memclr4                     
00006194  __aeabi_memclr8                     
000059d8  __aeabi_memcpy                      
000059d8  __aeabi_memcpy4                     
000059d8  __aeabi_memcpy8                     
00006198  __aeabi_memset                      
00006198  __aeabi_memset4                     
00006198  __aeabi_memset8                     
000065c8  __aeabi_ui2d                        
ffffffff  __binit__                           
ffffffff  __c_args__                          
0000526c  _c_int00                            
00004d0c  _coreClearAuxiliaryDataFault_       
00004d20  _coreClearAuxiliaryInstructionFault_
00004ce4  _coreClearDataFaultAddress_         
00004cbc  _coreClearDataFault_                
00004cf8  _coreClearInstructionFaultAddress_  
00004cd0  _coreClearInstructionFault_         
00004c50  _coreDisableEventBusExport_         
00004c94  _coreDisableFlashEcc_               
00004c70  _coreDisableRamEcc_                 
00004c40  _coreEnableEventBusExport_          
00004c80  _coreEnableFlashEcc_                
00004ca4  _coreEnableIrqVicOffset_            
00004c60  _coreEnableRamEcc_                  
00004d04  _coreGetAuxiliaryDataFault_         
00004d18  _coreGetAuxiliaryInstructionFault_  
00004cdc  _coreGetDataFaultAddress_           
00004cb4  _coreGetDataFault_                  
00004cf0  _coreGetInstructionFaultAddress_    
00004cc8  _coreGetInstructionFault_           
00004b1c  _coreInitRegisters_                 
00004bd4  _coreInitStackPointer_              
00005eec  _dabort                             
00004d34  _disable_FIQ_interrupt_             
00004d3c  _disable_IRQ_interrupt_             
00004d2c  _disable_interrupt_                 
00004d44  _enable_interrupt_                  
00004dd4  _errata_CORTEXR4_66_                
00004d4c  _esmCcmErrorsClear_                 
00004c20  _getCPSRValue_                      
00004c28  _gotoCPUIdle_                       
08001d18  _lock                               
0000663c  _nop                                
00006110  _pmuDisableCountersGlobal_          
00006100  _pmuEnableCountersGlobal_           
0000616c  _pmuGetCycleCount_                  
00006174  _pmuGetEventCount_                  
00006180  _pmuGetOverflow_                    
000060b4  _pmuInit_                           
00006140  _pmuResetCounters_                  
00006120  _pmuResetCycleCounter_              
00006130  _pmuResetEventCounters_             
00006160  _pmuSetCountEvent_                  
00006150  _pmuStartCounters_                  
00006158  _pmuStopCounters_                   
00006630  _register_lock                      
00006624  _register_unlock                    
08001500  _sys_memory                         
000066a0  _system_post_cinit                  
08001d1c  _unlock                             
00006390  abort                               
00001004  adc1ParityCheck                     
ffffffff  binit                               
000044dc  calloc                              
000010bc  can1ParityCheck                     
00001198  can2ParityCheck                     
00000030  ccmSelfCheck                        
00002034  ccmr4GetConfigValue                 
00000938  checkB0RAMECC                       
00000b28  checkB1RAMECC                       
00001604  checkClockMonitor                   
00000d18  checkFlashECC                       
000016d8  checkFlashEEPROMECC                 
00001880  checkPLL1Slip                       
0000199c  checkRAMAddrParity                  
000013bc  checkRAMECC                         
00001aa4  checkRAMUERRTest                    
000007bc  checkefcSelfTest                    
00006418  copy_in                             
00000234  cpuSelfTest                         
00000dfc  cpuSelfTestFail                     
00000df4  custom_dabort                       
00002424  disableParity                       
00005600  echoInputBuffer                     
00000660  efcCheck                            
00001f98  efcGetConfigValue                   
00000794  efcSelfTest                         
000006e8  efcStuckZeroTest                    
000023d0  enableParity                        
000020b0  errata_PBIST_4                      
000046c0  esmActivateNormalOperation          
000047a4  esmClearStatus                      
000047f0  esmClearStatusBuffer                
00004684  esmDisableError                     
000046fc  esmDisableInterrupt                 
00004658  esmEnableError                      
000046d0  esmEnableInterrupt                  
000048f0  esmEnterSelfTest                    
0000463c  esmError                            
000049c8  esmGetConfigValue                   
0000482c  esmGetStatus                        
000048b8  esmGetStatusBuffer                  
0000649c  esmGroup1Notification               
000064ac  esmGroup2Notification               
00005e00  esmHighInterrupt                    
00004534  esmInit                             
00004978  esmSelfTestStatus                   
0000480c  esmSetCounterPreloadValue           
00004728  esmSetInterruptLevel                
000046b0  esmTriggerErrorPinReset             
0000639c  exit                                
00005b58  floor                               
00005b58  floorl                              
00001c00  fmcBus1ParityCheck                  
0000085c  fmcBus2Check                        
00000898  fmcECCcheck                         
000040b0  free                                
00000eac  het1ParityCheck                     
00000f4c  htu1ParityCheck                     
00005670  linHighLevelInterrupt               
00006508  main                                
00003ff4  malloc                              
0000263c  mapClocks                           
0000439c  memalign                            
000059d8  memcpy                              
00000174  memoryInit                          
000064bc  memoryPort0TestFailNotification     
000064d8  memoryPort1TestFailNotification     
000061a4  memset                              
00001260  mibspi1ParityCheck                  
00003ef8  minit                               
00005cb0  muxInit                             
00001d2c  pbistFail                           
00001db0  pbistGetConfigValue                 
000005a8  pbistIsTestCompleted                
000005d4  pbistIsTestPassed                   
00000608  pbistPortTestStatus                 
000004ac  pbistRun                            
000002cc  pbistSelfCheck                      
00000578  pbistStop                           
000025e8  periphInit                          
0000669c  phantomInterrupt                    
00005d38  pinmuxGetConfigValue                
00004208  realloc                             
00000000  resetEntry                          
00003c60  sciDisableLoopback                  
00003cb8  sciDisableNotification              
00003c2c  sciEnableLoopback                   
00003c7c  sciEnableNotification               
00003cf4  sciEnterResetState                  
00003d1c  sciExitResetState                   
0000380c  sciInit                             
00003b14  sciIsIdleDetected                   
00003af8  sciIsRxReady                        
000039d8  sciIsTxReady                        
0000553c  sciNotification                     
00003b8c  sciReceive                          
00003b60  sciReceiveByte                      
00003b30  sciRxError                          
00003a24  sciSend                             
000039f4  sciSendByte                         
00003918  sciSetBaudrate                      
000038f8  sciSetFunctional                    
00003d4c  scilinGetConfigValue                
00000020  selftestFailNotification            
00005474  serialInit                          
0000549c  serialSend                          
000054b8  serialSendln                        
000025a8  setupFlash                          
00002510  setupPLL                            
00002d88  sramGetConfigValue                  
00001ef8  stcGetConfigValue                   
000001b8  stcSelfCheck                        
00000df8  stcSelfCheckFail                    
000065fc  strcat                              
00006668  strcpy                              
00006648  strlen                              
0000281c  systemGetConfigValue                
00002720  systemInit                          
000027ec  systemPowerDown                     
00002bdc  tcmflashGetConfigValue              
00002560  trimLPO                             
00003048  vimChannelMap                       
00003244  vimDisableInterrupt                 
000030ec  vimEnableInterrupt                  
000032c8  vimGetConfigValue                   
00002f74  vimInit                             
00000e00  vimParityCheck                      
00004dec  vimParityErrorHandler               


GLOBAL SYMBOLS: SORTED BY Symbol Address 

address   name                                
-------   ----                                
00000000  __TI_static_base__                  
00000000  resetEntry                          
00000020  selftestFailNotification            
00000030  ccmSelfCheck                        
00000174  memoryInit                          
000001b8  stcSelfCheck                        
00000234  cpuSelfTest                         
000002cc  pbistSelfCheck                      
000004ac  pbistRun                            
00000578  pbistStop                           
000005a8  pbistIsTestCompleted                
000005d4  pbistIsTestPassed                   
00000608  pbistPortTestStatus                 
00000660  efcCheck                            
000006e8  efcStuckZeroTest                    
00000794  efcSelfTest                         
000007bc  checkefcSelfTest                    
00000800  __SYSMEM_SIZE                       
0000085c  fmcBus2Check                        
00000898  fmcECCcheck                         
00000938  checkB0RAMECC                       
00000b28  checkB1RAMECC                       
00000d18  checkFlashECC                       
00000df4  custom_dabort                       
00000df8  stcSelfCheckFail                    
00000dfc  cpuSelfTestFail                     
00000e00  vimParityCheck                      
00000eac  het1ParityCheck                     
00000f4c  htu1ParityCheck                     
00001004  adc1ParityCheck                     
000010bc  can1ParityCheck                     
00001198  can2ParityCheck                     
00001260  mibspi1ParityCheck                  
000013bc  checkRAMECC                         
00001604  checkClockMonitor                   
000016d8  checkFlashEEPROMECC                 
00001880  checkPLL1Slip                       
0000199c  checkRAMAddrParity                  
00001aa4  checkRAMUERRTest                    
00001c00  fmcBus1ParityCheck                  
00001d2c  pbistFail                           
00001db0  pbistGetConfigValue                 
00001ef8  stcGetConfigValue                   
00001f98  efcGetConfigValue                   
00002034  ccmr4GetConfigValue                 
000020b0  errata_PBIST_4                      
000023d0  enableParity                        
00002424  disableParity                       
00002510  setupPLL                            
00002560  trimLPO                             
000025a8  setupFlash                          
000025e8  periphInit                          
0000263c  mapClocks                           
00002720  systemInit                          
000027ec  systemPowerDown                     
0000281c  systemGetConfigValue                
00002bdc  tcmflashGetConfigValue              
00002d88  sramGetConfigValue                  
00002f74  vimInit                             
00003048  vimChannelMap                       
000030ec  vimEnableInterrupt                  
00003244  vimDisableInterrupt                 
000032c8  vimGetConfigValue                   
0000380c  sciInit                             
000038f8  sciSetFunctional                    
00003918  sciSetBaudrate                      
000039d8  sciIsTxReady                        
000039f4  sciSendByte                         
00003a24  sciSend                             
00003af8  sciIsRxReady                        
00003b14  sciIsIdleDetected                   
00003b30  sciRxError                          
00003b60  sciReceiveByte                      
00003b8c  sciReceive                          
00003c2c  sciEnableLoopback                   
00003c60  sciDisableLoopback                  
00003c7c  sciEnableNotification               
00003cb8  sciDisableNotification              
00003cf4  sciEnterResetState                  
00003d1c  sciExitResetState                   
00003d4c  scilinGetConfigValue                
00003ef8  minit                               
00003ff4  malloc                              
000040b0  free                                
00004208  realloc                             
0000439c  memalign                            
000044dc  calloc                              
00004534  esmInit                             
0000463c  esmError                            
00004658  esmEnableError                      
00004684  esmDisableError                     
000046b0  esmTriggerErrorPinReset             
000046c0  esmActivateNormalOperation          
000046d0  esmEnableInterrupt                  
000046fc  esmDisableInterrupt                 
00004728  esmSetInterruptLevel                
000047a4  esmClearStatus                      
000047f0  esmClearStatusBuffer                
0000480c  esmSetCounterPreloadValue           
0000482c  esmGetStatus                        
000048b8  esmGetStatusBuffer                  
000048f0  esmEnterSelfTest                    
00004978  esmSelfTestStatus                   
000049c8  esmGetConfigValue                   
00004b1c  _coreInitRegisters_                 
00004bd4  _coreInitStackPointer_              
00004c20  _getCPSRValue_                      
00004c28  _gotoCPUIdle_                       
00004c40  _coreEnableEventBusExport_          
00004c50  _coreDisableEventBusExport_         
00004c60  _coreEnableRamEcc_                  
00004c70  _coreDisableRamEcc_                 
00004c80  _coreEnableFlashEcc_                
00004c94  _coreDisableFlashEcc_               
00004ca4  _coreEnableIrqVicOffset_            
00004cb4  _coreGetDataFault_                  
00004cbc  _coreClearDataFault_                
00004cc8  _coreGetInstructionFault_           
00004cd0  _coreClearInstructionFault_         
00004cdc  _coreGetDataFaultAddress_           
00004ce4  _coreClearDataFaultAddress_         
00004cf0  _coreGetInstructionFaultAddress_    
00004cf8  _coreClearInstructionFaultAddress_  
00004d04  _coreGetAuxiliaryDataFault_         
00004d0c  _coreClearAuxiliaryDataFault_       
00004d18  _coreGetAuxiliaryInstructionFault_  
00004d20  _coreClearAuxiliaryInstructionFault_
00004d2c  _disable_interrupt_                 
00004d34  _disable_FIQ_interrupt_             
00004d3c  _disable_IRQ_interrupt_             
00004d44  _enable_interrupt_                  
00004d4c  _esmCcmErrorsClear_                 
00004dd4  _errata_CORTEXR4_66_                
00004de4  __TI_PINIT_Base                     
00004de8  __TI_PINIT_Limit                    
00004dec  vimParityErrorHandler               
00005058  __aeabi_dsub                        
00005064  __aeabi_dadd                        
0000526c  _c_int00                            
00005474  serialInit                          
0000549c  serialSend                          
000054b8  serialSendln                        
0000553c  sciNotification                     
00005600  echoInputBuffer                     
00005670  linHighLevelInterrupt               
00005848  __aeabi_ddiv                        
000059d8  __aeabi_memcpy                      
000059d8  __aeabi_memcpy4                     
000059d8  __aeabi_memcpy8                     
000059d8  memcpy                              
00005b58  floor                               
00005b58  floorl                              
00005cb0  muxInit                             
00005d38  pinmuxGetConfigValue                
00005e00  esmHighInterrupt                    
00005eec  _dabort                             
00005fd4  __aeabi_cdrcmple                    
000060b4  _pmuInit_                           
00006100  _pmuEnableCountersGlobal_           
00006110  _pmuDisableCountersGlobal_          
00006120  _pmuResetCycleCounter_              
00006130  _pmuResetEventCounters_             
00006140  _pmuResetCounters_                  
00006150  _pmuStartCounters_                  
00006158  _pmuStopCounters_                   
00006160  _pmuSetCountEvent_                  
0000616c  _pmuGetCycleCount_                  
00006174  _pmuGetEventCount_                  
00006180  _pmuGetOverflow_                    
00006194  __aeabi_memclr                      
00006194  __aeabi_memclr4                     
00006194  __aeabi_memclr8                     
00006198  __aeabi_memset                      
00006198  __aeabi_memset4                     
00006198  __aeabi_memset8                     
000061a4  memset                              
00006244  __TI_auto_init                      
00006388  C$$EXIT                             
00006390  abort                               
0000639c  exit                                
00006418  copy_in                             
0000649c  esmGroup1Notification               
000064ac  esmGroup2Notification               
000064bc  memoryPort0TestFailNotification     
000064d8  memoryPort1TestFailNotification     
00006508  main                                
00006570  __aeabi_d2uiz                       
000065c8  __aeabi_ui2d                        
000065fc  strcat                              
00006624  _register_unlock                    
00006630  _register_lock                      
0000663c  _nop                                
00006648  strlen                              
00006668  strcpy                              
00006680  __TI_decompress_none                
00006694  __TI_decompress_rle24               
0000669c  phantomInterrupt                    
000066a0  _system_post_cinit                  
00006854  __TI_Handler_Table_Base             
0000685c  __TI_CINIT_Base                     
0000685c  __TI_Handler_Table_Limit            
0000686c  __TI_CINIT_Limit                    
08001500  _sys_memory                         
08001d00  __TI_cleanup_ptr                    
08001d04  __TI_dtors_ptr                      
08001d08  __TI_enable_exit_profile_output     
08001d18  _lock                               
08001d1c  _unlock                             
ffffffff  __TI_pprof_out_hndl                 
ffffffff  __TI_prof_data_size                 
ffffffff  __TI_prof_data_start                
ffffffff  __binit__                           
ffffffff  __c_args__                          
ffffffff  binit                               
UNDEFED   SHT$$INIT_ARRAY$$Base               
UNDEFED   SHT$$INIT_ARRAY$$Limit              

[216 symbols]
