******************************************************************************
                  TI ARM Linker PC v15.12.3                    
******************************************************************************
>> Linked Wed Feb 15 13:10:50 2017

OUTPUT FILE NAME:   <570_UART_Example.out>
ENTRY POINT SYMBOL: "_c_int00"  address: 0000ea80


MEMORY CONFIGURATION

         name            origin    length      used     unused   attr    fill
----------------------  --------  ---------  --------  --------  ----  --------
  VECTORS               00000000   00000020  00000020  00000000     X
  KERNEL                00000020   00008000  00003988  00004678  R  X
  FLASH0                00008020   00057fe0  0000814f  0004fe91  R  X
  STACKS                08000000   00000800  00000000  00000800  RW  
  KRAM                  08000800   00000800  00000108  000006f8  RW  
  RAM                   08001000   00007000  00002865  0000479b  RW  


SEGMENT ALLOCATION MAP

run origin  load origin   length   init length attrs members
----------  ----------- ---------- ----------- ----- -------
00000000    00000000    000039ac   000039ac    r-x
  00000000    00000000    00000020   00000020    r-x .intvecs
  00000020    00000020    0000390c   0000390c    r-x .kernelTEXT
  00003930    00003930    0000007c   0000007c    r-- .cinit
00008020    00008020    0000814f   0000814f    r-x
  00008020    00008020    00007fc8   00007fc8    r-x .text
  0000ffe8    0000ffe8    00000187   00000187    r-- .const
08000800    08000800    00000108   00000000    rw-
  08000800    08000800    00000108   00000000    rw- .kernelBSS
08001000    08001000    00002865   00000000    rw-
  08001000    08001000    00002000   00000000    rw- .kernelHEAP
  08003000    08003000    00000800   00000000    rw- .sysmem
  08003800    08003800    00000034   00000000    rw- .data
  08003834    08003834    00000031   00000000    rw- .bss


SECTION ALLOCATION MAP

 output                                  attributes/
section   page    origin      length       input sections
--------  ----  ----------  ----------   ----------------
.intvecs   0    00000000    00000020     
                  00000000    00000020     sys_intvecs.obj (.intvecs)

.kernelTEXT 
*          0    00000020    0000390c     
                  00000020    00001cd8     os_tasks.obj (.kernelTEXT)
                  00001cf8    00001124     os_queue.obj (.kernelTEXT)
                  00002e1c    000003bc     os_port.obj (.kernelTEXT)
                  000031d8    000003b0     os_portasm.obj (.kernelTEXT)
                  00003588    000003a4     os_heap.obj (.kernelTEXT)

.cinit     0    00003930    0000007c     
                  00003930    00000020     (.cinit..data.load) [load image, compression = rle]
                  00003950    00000014     (.cinit..kernelBSS.load) [load image, compression = rle]
                  00003964    00000004     --HOLE-- [fill = 0]
                  00003968    0000000b     (.cinit..kernelHEAP.load) [load image, compression = rle]
                  00003973    00000005     --HOLE-- [fill = 0]
                  00003978    00000009     (.cinit..bss.load) [load image, compression = rle]
                  00003981    00000003     --HOLE-- [fill = 0]
                  00003984    00000008     (__TI_handler_table)
                  0000398c    00000020     (__TI_cinit_table)

.text      0    00008020    00007fc8     
                  00008020    000024f0     sys_selftest.obj (.text)
                  0000a510    00000a64     system.obj (.text)
                  0000af74    0000089c     sys_vim.obj (.text)
                  0000b810    00000844     os_tasks.obj (.text)
                  0000c054    000006ec     sci.obj (.text)
                  0000c740    0000063c     rtsv7R4_A_be_eabi.lib : memory.obj (.text)
                  0000cd7c    000005e8     esm.obj (.text)
                  0000d364    00000588     os_mpu_wrappers.obj (.text)
                  0000d8ec    0000036c     gio.obj (.text)
                  0000dc58    000002d0     sys_core.obj (.text)
                  0000df28    00000284     os_heap.obj (.text)
                  0000e1ac    0000026c     sys_vim.obj (.text:retain)
                  0000e418    00000238     os_list.obj (.text)
                  0000e650    0000021c     SFU_Serial.obj (.text)
                  0000e86c    00000214     rtsv7R4_A_be_eabi.lib : fd_add32.obj (.text)
                  0000ea80    00000208     sys_startup.obj (.text:retain)
                  0000ec88    000001d8     sci.obj (.text:retain)
                  0000ee60    000001cc     sys_main.obj (.text)
                  0000f02c    000001b4     os_port.obj (.text)
                  0000f1e0    00000190     rtsv7R4_A_be_eabi.lib : fd_div32.obj (.text)
                  0000f370    00000180                           : memcpy32.obj (.text)
                  0000f4f0    00000158                           : s_floor.obj (.text)
                  0000f648    00000150     pinmux.obj (.text)
                  0000f798    000000ec     esm.obj (.text:retain)
                  0000f884    000000e8     dabort.obj (.text)
                  0000f96c    000000e0     rtsv7R4_A_be_eabi.lib : fd_cmp32.obj (.text:__aeabi_cdrcmple)
                  0000fa4c    000000e0     sys_pmu.obj (.text)
                  0000fb2c    000000b0     rtsv7R4_A_be_eabi.lib : memset32.obj (.text)
                  0000fbdc    000000a8                           : autoinit.obj (.text)
                  0000fc84    0000009c                           : copy_decompress_rle.obj (.text)
                  0000fd20    00000090                           : exit.obj (.text)
                  0000fdb0    00000084                           : cpy_tbl.obj (.text)
                  0000fe34    00000080     notification.obj (.text)
                  0000feb4    00000058     rtsv7R4_A_be_eabi.lib : fd_tou32.obj (.text)
                  0000ff0c    00000034                           : u_tofd32.obj (.text)
                  0000ff40    00000028                           : strcat.obj (.text)
                  0000ff68    00000024                           : _lock.obj (.text)
                  0000ff8c    00000020                           : strlen.obj (.text)
                  0000ffac    00000018                           : strcpy.obj (.text)
                  0000ffc4    00000014                           : copy_decompress_none.obj (.text:decompress:none)
                  0000ffd8    00000008                           : copy_decompress_rle.obj (.text:decompress:rle24)
                  0000ffe0    00000004     sys_phantom.obj (.text:retain)
                  0000ffe4    00000004     rtsv7R4_A_be_eabi.lib : startup.obj (.text)

.const     0    0000ffe8    00000187     
                  0000ffe8    00000180     sys_vim.obj (.const:s_vim_init)
                  00010168    00000004     os_heap.obj (.const)
                  0001016c    00000003     SFU_Serial.obj (.const:.string:$P$T0$1)

.kernelBSS 
*          0    08000800    00000108     UNINITIALIZED
                  08000800    000000d0     os_tasks.obj (.kernelBSS:uninit)
                  080008d0    00000030     os_tasks.obj (.kernelBSS:init)
                  08000900    00000008     os_port.obj (.kernelBSS)

.kernelHEAP 
*          0    08001000    00002000     UNINITIALIZED
                  08001000    00002000     os_heap.obj (.kernelHEAP)

.sysmem    0    08003000    00000800     UNINITIALIZED
                  08003000    00000008     rtsv7R4_A_be_eabi.lib : memory.obj (.sysmem)
                  08003008    000007f8     --HOLE--

.data      0    08003800    00000034     UNINITIALIZED
                  08003800    00000010     os_heap.obj (.data)
                  08003810    0000000c     rtsv7R4_A_be_eabi.lib : exit.obj (.data:$O1$$)
                  0800381c    0000000c                           : memory.obj (.data:$O1$$)
                  08003828    00000008                           : _lock.obj (.data:$O1$$)
                  08003830    00000004     SFU_Serial.obj (.data)

.bss       0    08003834    00000031     UNINITIALIZED
                  08003834    00000014     sci.obj (.bss:g_sciTransfer_t)
                  08003848    0000000c     SFU_Serial.obj (.bss:inputBuffer)
                  08003854    00000008     os_heap.obj (.bss:xStart)
                  0800385c    00000004     (.common:xTask1Handle)
                  08003860    00000004     (.common:xUARTTaskHandle)
                  08003864    00000001     SFU_Serial.obj (.bss)

MODULE SUMMARY

       Module                     code    ro data   rw data
       ------                     ----    -------   -------
    .\SFUsat\
       SFU_Serial.obj             540     3         17     
    +--+--------------------------+-------+---------+---------+
       Total:                     540     3         17     
                                                           
    .\source\
       os_heap.obj                1576    4         8216   
       os_tasks.obj               9500    0         256    
       sys_selftest.obj           9456    0         0      
       os_queue.obj               4388    0         0      
       sys_vim.obj                2824    384       0      
       system.obj                 2660    0         0      
       sci.obj                    2244    0         20     
       esm.obj                    1748    0         0      
       os_mpu_wrappers.obj        1416    0         0      
       os_port.obj                1392    0         8      
       os_portasm.obj             944     0         0      
       gio.obj                    876     0         0      
       sys_core.obj               720     0         0      
       os_list.obj                568     0         0      
       sys_startup.obj            520     0         0      
       sys_main.obj               460     0         8      
       pinmux.obj                 336     0         0      
       dabort.obj                 232     0         0      
       sys_pmu.obj                224     0         0      
       notification.obj           128     0         0      
       sys_intvecs.obj            32      0         0      
       sys_phantom.obj            4       0         0      
    +--+--------------------------+-------+---------+---------+
       Total:                     42248   388       8508   
                                                           
    C:\TI\ccsv6\tools\compiler\arm_15.12.3.LTS\lib\rtsv7R4_A_be_eabi.lib
       memory.obj                 1596    0         12     
       fd_add32.obj               532     0         0      
       fd_div32.obj               400     0         0      
       memcpy32.obj               384     0         0      
       s_floor.obj                344     0         0      
       fd_cmp32.obj               224     0         0      
       memset32.obj               176     0         0      
       autoinit.obj               168     0         0      
       copy_decompress_rle.obj    164     0         0      
       exit.obj                   144     0         12     
       cpy_tbl.obj                132     0         0      
       fd_tou32.obj               88      0         0      
       u_tofd32.obj               52      0         0      
       _lock.obj                  36      0         8      
       strcat.obj                 40      0         0      
       strlen.obj                 32      0         0      
       strcpy.obj                 24      0         0      
       copy_decompress_none.obj   20      0         0      
       startup.obj                4       0         0      
    +--+--------------------------+-------+---------+---------+
       Total:                     4560    0         32     
                                                           
       Heap:                      0       0         2048   
       Linker Generated:          0       112       0      
    +--+--------------------------+-------+---------+---------+
       Grand Total:               47348   503       10605  


LINKER GENERATED COPY TABLES

__TI_cinit_table @ 0000398c records: 4, size/record: 8, table size: 32
	.data: load addr=00003930, load size=00000020 bytes, run addr=08003800, run size=00000034 bytes, compression=rle
	.kernelBSS: load addr=00003950, load size=00000014 bytes, run addr=08000800, run size=00000108 bytes, compression=rle
	.kernelHEAP: load addr=00003968, load size=0000000b bytes, run addr=08001000, run size=00002000 bytes, compression=rle
	.bss: load addr=00003978, load size=00000009 bytes, run addr=08003834, run size=00000031 bytes, compression=rle


LINKER GENERATED HANDLER TABLE

__TI_handler_table @ 00003984 records: 2, size/record: 4, table size: 8
	index: 0, handler: __TI_decompress_rle24
	index: 1, handler: __TI_decompress_none


GLOBAL SYMBOLS: SORTED ALPHABETICALLY BY Name 

address   name                                
-------   ----                                
0000fd20  C$$EXIT                             
0000d83c  MPU_pvPortMalloc                    
0000d700  MPU_uxQueueMessagesWaiting          
0000d5d4  MPU_uxTaskGetNumberOfTasks          
0000d600  MPU_uxTaskGetStackHighWaterMark     
0000d498  MPU_uxTaskPriorityGet               
0000d870  MPU_vPortFree                       
0000d89c  MPU_vPortInitialiseBlocks           
0000d788  MPU_vQueueDelete                    
0000d3d8  MPU_vTaskAllocateMPURegions         
0000d46c  MPU_vTaskDelay                      
0000d438  MPU_vTaskDelayUntil                 
0000d40c  MPU_vTaskDelete                     
0000d4cc  MPU_vTaskPrioritySet                
0000d52c  MPU_vTaskResume                     
0000d500  MPU_vTaskSuspend                    
0000d558  MPU_vTaskSuspendAll                 
0000d8c0  MPU_xPortGetFreeHeapSize            
0000d660  MPU_xQueueGenericCreate             
0000d734  MPU_xQueueGenericReceive            
0000d7b4  MPU_xQueueGenericReset              
0000d6ac  MPU_xQueueGenericSend               
0000d7f8  MPU_xQueuePeekFromISR               
0000d364  MPU_xTaskGenericCreate              
0000d634  MPU_xTaskGetSchedulerState          
0000d5a8  MPU_xTaskGetTickCount               
0000d57c  MPU_xTaskResumeAll                  
UNDEFED   SHT$$INIT_ARRAY$$Base               
UNDEFED   SHT$$INIT_ARRAY$$Limit              
0000ee90  UART_Task                           
00000800  __SYSMEM_SIZE                       
0000398c  __TI_CINIT_Base                     
000039ac  __TI_CINIT_Limit                    
00003984  __TI_Handler_Table_Base             
0000398c  __TI_Handler_Table_Limit            
0000df20  __TI_PINIT_Base                     
0000df24  __TI_PINIT_Limit                    
0000fbdc  __TI_auto_init                      
08003810  __TI_cleanup_ptr                    
0000ffc4  __TI_decompress_none                
0000ffd8  __TI_decompress_rle24               
08003814  __TI_dtors_ptr                      
08003818  __TI_enable_exit_profile_output     
ffffffff  __TI_pprof_out_hndl                 
ffffffff  __TI_prof_data_size                 
ffffffff  __TI_prof_data_start                
00000000  __TI_static_base__                  
0000f96c  __aeabi_cdrcmple                    
0000feb4  __aeabi_d2uiz                       
0000e878  __aeabi_dadd                        
0000f1e0  __aeabi_ddiv                        
0000e86c  __aeabi_dsub                        
0000fb2c  __aeabi_memclr                      
0000fb2c  __aeabi_memclr4                     
0000fb2c  __aeabi_memclr8                     
0000f370  __aeabi_memcpy                      
0000f370  __aeabi_memcpy4                     
0000f370  __aeabi_memcpy8                     
0000fb30  __aeabi_memset                      
0000fb30  __aeabi_memset4                     
0000fb30  __aeabi_memset8                     
0000ff0c  __aeabi_ui2d                        
ffffffff  __binit__                           
ffffffff  __c_args__                          
0000ea80  _c_int00                            
0000de48  _coreClearAuxiliaryDataFault_       
0000de5c  _coreClearAuxiliaryInstructionFault_
0000de20  _coreClearDataFaultAddress_         
0000ddf8  _coreClearDataFault_                
0000de34  _coreClearInstructionFaultAddress_  
0000de0c  _coreClearInstructionFault_         
0000dd8c  _coreDisableEventBusExport_         
0000ddd0  _coreDisableFlashEcc_               
0000ddac  _coreDisableRamEcc_                 
0000dd7c  _coreEnableEventBusExport_          
0000ddbc  _coreEnableFlashEcc_                
0000dde0  _coreEnableIrqVicOffset_            
0000dd9c  _coreEnableRamEcc_                  
0000de40  _coreGetAuxiliaryDataFault_         
0000de54  _coreGetAuxiliaryInstructionFault_  
0000de18  _coreGetDataFaultAddress_           
0000ddf0  _coreGetDataFault_                  
0000de2c  _coreGetInstructionFaultAddress_    
0000de04  _coreGetInstructionFault_           
0000dc58  _coreInitRegisters_                 
0000dd10  _coreInitStackPointer_              
0000f884  _dabort                             
0000de70  _disable_FIQ_interrupt_             
0000de78  _disable_IRQ_interrupt_             
0000de68  _disable_interrupt_                 
0000de80  _enable_interrupt_                  
0000df10  _errata_CORTEXR4_66_                
0000de88  _esmCcmErrorsClear_                 
0000dd5c  _getCPSRValue_                      
0000dd64  _gotoCPUIdle_                       
08003828  _lock                               
0000ff80  _nop                                
0000faa8  _pmuDisableCountersGlobal_          
0000fa98  _pmuEnableCountersGlobal_           
0000fb04  _pmuGetCycleCount_                  
0000fb0c  _pmuGetEventCount_                  
0000fb18  _pmuGetOverflow_                    
0000fa4c  _pmuInit_                           
0000fad8  _pmuResetCounters_                  
0000fab8  _pmuResetCycleCounter_              
0000fac8  _pmuResetEventCounters_             
0000faf8  _pmuSetCountEvent_                  
0000fae8  _pmuStartCounters_                  
0000faf0  _pmuStopCounters_                   
0000ff74  _register_lock                      
0000ff68  _register_unlock                    
08003000  _sys_memory                         
0000ffe4  _system_post_cinit                  
0800382c  _unlock                             
0000fd28  abort                               
00009004  adc1ParityCheck                     
ffffffff  binit                               
0000cd24  calloc                              
000090bc  can1ParityCheck                     
00009198  can2ParityCheck                     
00008030  ccmSelfCheck                        
0000a034  ccmr4GetConfigValue                 
00008938  checkB0RAMECC                       
00008b28  checkB1RAMECC                       
00009604  checkClockMonitor                   
00008d18  checkFlashECC                       
000096d8  checkFlashEEPROMECC                 
00009880  checkPLL1Slip                       
0000999c  checkRAMAddrParity                  
000093bc  checkRAMECC                         
00009aa4  checkRAMUERRTest                    
000087bc  checkefcSelfTest                    
0000fdb0  copy_in                             
00008234  cpuSelfTest                         
00008dfc  cpuSelfTestFail                     
00008df4  custom_dabort                       
0000a424  disableParity                       
0000e7fc  echoInputBuffer                     
00008660  efcCheck                            
00009f98  efcGetConfigValue                   
00008794  efcSelfTest                         
000086e8  efcStuckZeroTest                    
0000a3d0  enableParity                        
0000a0b0  errata_PBIST_4                      
0000cf08  esmActivateNormalOperation          
0000cfec  esmClearStatus                      
0000d038  esmClearStatusBuffer                
0000cecc  esmDisableError                     
0000cf44  esmDisableInterrupt                 
0000cea0  esmEnableError                      
0000cf18  esmEnableInterrupt                  
0000d138  esmEnterSelfTest                    
0000ce84  esmError                            
0000d210  esmGetConfigValue                   
0000d074  esmGetStatus                        
0000d100  esmGetStatusBuffer                  
0000fe34  esmGroup1Notification               
0000fe44  esmGroup2Notification               
0000f798  esmHighInterrupt                    
0000cd7c  esmInit                             
0000d1c0  esmSelfTestStatus                   
0000d054  esmSetCounterPreloadValue           
0000cf70  esmSetInterruptLevel                
0000cef8  esmTriggerErrorPinReset             
0000fd34  exit                                
0000f4f0  floor                               
0000f4f0  floorl                              
00009c00  fmcBus1ParityCheck                  
0000885c  fmcBus2Check                        
00008898  fmcECCcheck                         
0000c8f8  free                                
0000dae4  gioDisableNotification              
0000daa8  gioEnableNotification               
0000da10  gioGetBit                           
0000db20  gioGetConfigValue                   
0000da38  gioGetPort                          
0000d8ec  gioInit                             
0000fe8c  gioNotification                     
0000d9a0  gioSetBit                           
0000d980  gioSetDirection                     
0000d9f0  gioSetPort                          
0000da50  gioToggleBit                        
00008eac  het1ParityCheck                     
00008f4c  htu1ParityCheck                     
0000ec88  linHighLevelInterrupt               
0000eeac  main                                
0000c83c  malloc                              
0000a63c  mapClocks                           
0000cbe4  memalign                            
0000f370  memcpy                              
00008174  memoryInit                          
0000fe54  memoryPort0TestFailNotification     
0000fe70  memoryPort1TestFailNotification     
0000fb3c  memset                              
00009260  mibspi1ParityCheck                  
0000c740  minit                               
0000f648  muxInit                             
00009d2c  pbistFail                           
00009db0  pbistGetConfigValue                 
000085a8  pbistIsTestCompleted                
000085d4  pbistIsTestPassed                   
00008608  pbistPortTestStatus                 
000084ac  pbistRun                            
000082cc  pbistSelfCheck                      
00008578  pbistStop                           
0000a5e8  periphInit                          
0000ffe0  phantomInterrupt                    
0000f6d0  pinmuxGetConfigValue                
00003560  prvMpuDisable                       
00003548  prvMpuEnable                        
00003530  prvMpuSetRegion                     
00003588  pvPortMalloc                        
080008d0  pxCurrentTCB                        
00002e1c  pxPortInitialiseStack               
0000ca50  realloc                             
00000000  resetEntry                          
0000c4a8  sciDisableLoopback                  
0000c500  sciDisableNotification              
0000c474  sciEnableLoopback                   
0000c4c4  sciEnableNotification               
0000c53c  sciEnterResetState                  
0000c564  sciExitResetState                   
0000c054  sciInit                             
0000c35c  sciIsIdleDetected                   
0000c340  sciIsRxReady                        
0000c220  sciIsTxReady                        
0000e71c  sciNotification                     
0000c3d4  sciReceive                          
0000c3a8  sciReceiveByte                      
0000c378  sciRxError                          
0000c26c  sciSend                             
0000c23c  sciSendByte                         
0000c160  sciSetBaudrate                      
0000c140  sciSetFunctional                    
0000c594  scilinGetConfigValue                
00008020  selftestFailNotification            
0000e650  serialInit                          
0000e678  serialSend                          
0000e694  serialSendln                        
0000a5a8  setupFlash                          
0000a510  setupPLL                            
0000ad88  sramGetConfigValue                  
00009ef8  stcGetConfigValue                   
000081b8  stcSelfCheck                        
00008df8  stcSelfCheckFail                    
0000ff40  strcat                              
0000ffac  strcpy                              
0000ff8c  strlen                              
0000a81c  systemGetConfigValue                
0000a720  systemInit                          
0000a7ec  systemPowerDown                     
0000abdc  tcmflashGetConfigValue              
0000a560  trimLPO                             
08000900  ulCriticalNesting                   
0000346c  ulPortCountLeadingZeros             
08000904  ulTaskHasFPUContext                 
0000b898  ulTaskNotifyTake                    
0000e5c4  uxListRemove                        
00002970  uxQueueMessagesWaiting              
000029f4  uxQueueMessagesWaitingFromISR       
000029a8  uxQueueSpacesAvailable              
00000f60  uxTaskGetNumberOfTasks              
00001bbc  uxTaskGetStackHighWaterMark         
00000660  uxTaskPriorityGet                   
000006a4  uxTaskPriorityGetFromISR            
00001c8c  uxTaskResetEventItemValue           
0000e418  vListInitialise                     
0000e470  vListInitialiseItem                 
0000e500  vListInsert                         
0000e48c  vListInsertEnd                      
000031a4  vPortEndScheduler                   
000037f8  vPortFree                           
00003910  vPortInitialiseBlocks               
000033ac  vPortPreemptiveTick                 
00003474  vPortSWI                            
000031dc  vPortStartFirstTask                 
00002f0c  vPortStoreTaskMPUSettings           
000032f8  vPortYeildWithinAPI                 
0000324c  vPortYieldProcessor                 
00002a24  vQueueDelete                        
0000ee60  vTask1                              
000018b4  vTaskAllocateMPURegions             
00000594  vTaskDelay                          
000003fc  vTaskDelayUntil                     
000002bc  vTaskDelete                         
00000d50  vTaskEndScheduler                   
00001784  vTaskMissedYield                    
0000beec  vTaskNotifyGiveFromISR              
00001298  vTaskPlaceOnEventList               
00001350  vTaskPlaceOnUnorderedEventList      
000006ec  vTaskPrioritySet                    
00000af0  vTaskResume                         
0000163c  vTaskSetTimeOutState                
00000cbc  vTaskStartScheduler                 
000008e4  vTaskSuspend                        
00000d6c  vTaskSuspendAll                     
000011b4  vTaskSwitchContext                  
0000b048  vimChannelMap                       
0000b244  vimDisableInterrupt                 
0000b0ec  vimEnableInterrupt                  
0000b2c8  vimGetConfigValue                   
0000af74  vimInit                             
00008e00  vimParityCheck                      
0000e1ac  vimParityErrorHandler               
000038f8  xPortGetFreeHeapSize                
00003904  xPortGetMinimumEverFreeHeapSize     
00003180  xPortStartScheduler                 
00001e20  xQueueGenericCreate                 
00002484  xQueueGenericReceive                
00001cf8  xQueueGenericReset                  
00001f28  xQueueGenericSend                   
000021e8  xQueueGenericSendFromISR            
00002370  xQueueGiveFromISR                   
00002d40  xQueueIsQueueEmptyFromISR           
00002dcc  xQueueIsQueueFullFromISR            
0000287c  xQueuePeekFromISR                   
00002744  xQueueReceiveFromISR                
0800385c  xTask1Handle                        
0000167c  xTaskCheckForTimeOut                
00000020  xTaskGenericCreate                  
00001c3c  xTaskGetSchedulerState              
00000f20  xTaskGetTickCount                   
00000f3c  xTaskGetTickCountFromISR            
00000f7c  xTaskIncrementTick                  
0000bb6c  xTaskNotify                         
0000bd18  xTaskNotifyFromISR                  
0000b9e8  xTaskNotifyWait                     
0000144c  xTaskRemoveFromEventList            
00001538  xTaskRemoveFromUnorderedEventList   
00000d80  xTaskResumeAll                      
00000bd4  xTaskResumeFromISR                  
08003860  xUARTTaskHandle                     


GLOBAL SYMBOLS: SORTED BY Symbol Address 

address   name                                
-------   ----                                
00000000  __TI_static_base__                  
00000000  resetEntry                          
00000020  xTaskGenericCreate                  
000002bc  vTaskDelete                         
000003fc  vTaskDelayUntil                     
00000594  vTaskDelay                          
00000660  uxTaskPriorityGet                   
000006a4  uxTaskPriorityGetFromISR            
000006ec  vTaskPrioritySet                    
00000800  __SYSMEM_SIZE                       
000008e4  vTaskSuspend                        
00000af0  vTaskResume                         
00000bd4  xTaskResumeFromISR                  
00000cbc  vTaskStartScheduler                 
00000d50  vTaskEndScheduler                   
00000d6c  vTaskSuspendAll                     
00000d80  xTaskResumeAll                      
00000f20  xTaskGetTickCount                   
00000f3c  xTaskGetTickCountFromISR            
00000f60  uxTaskGetNumberOfTasks              
00000f7c  xTaskIncrementTick                  
000011b4  vTaskSwitchContext                  
00001298  vTaskPlaceOnEventList               
00001350  vTaskPlaceOnUnorderedEventList      
0000144c  xTaskRemoveFromEventList            
00001538  xTaskRemoveFromUnorderedEventList   
0000163c  vTaskSetTimeOutState                
0000167c  xTaskCheckForTimeOut                
00001784  vTaskMissedYield                    
000018b4  vTaskAllocateMPURegions             
00001bbc  uxTaskGetStackHighWaterMark         
00001c3c  xTaskGetSchedulerState              
00001c8c  uxTaskResetEventItemValue           
00001cf8  xQueueGenericReset                  
00001e20  xQueueGenericCreate                 
00001f28  xQueueGenericSend                   
000021e8  xQueueGenericSendFromISR            
00002370  xQueueGiveFromISR                   
00002484  xQueueGenericReceive                
00002744  xQueueReceiveFromISR                
0000287c  xQueuePeekFromISR                   
00002970  uxQueueMessagesWaiting              
000029a8  uxQueueSpacesAvailable              
000029f4  uxQueueMessagesWaitingFromISR       
00002a24  vQueueDelete                        
00002d40  xQueueIsQueueEmptyFromISR           
00002dcc  xQueueIsQueueFullFromISR            
00002e1c  pxPortInitialiseStack               
00002f0c  vPortStoreTaskMPUSettings           
00003180  xPortStartScheduler                 
000031a4  vPortEndScheduler                   
000031dc  vPortStartFirstTask                 
0000324c  vPortYieldProcessor                 
000032f8  vPortYeildWithinAPI                 
000033ac  vPortPreemptiveTick                 
0000346c  ulPortCountLeadingZeros             
00003474  vPortSWI                            
00003530  prvMpuSetRegion                     
00003548  prvMpuEnable                        
00003560  prvMpuDisable                       
00003588  pvPortMalloc                        
000037f8  vPortFree                           
000038f8  xPortGetFreeHeapSize                
00003904  xPortGetMinimumEverFreeHeapSize     
00003910  vPortInitialiseBlocks               
00003984  __TI_Handler_Table_Base             
0000398c  __TI_CINIT_Base                     
0000398c  __TI_Handler_Table_Limit            
000039ac  __TI_CINIT_Limit                    
00008020  selftestFailNotification            
00008030  ccmSelfCheck                        
00008174  memoryInit                          
000081b8  stcSelfCheck                        
00008234  cpuSelfTest                         
000082cc  pbistSelfCheck                      
000084ac  pbistRun                            
00008578  pbistStop                           
000085a8  pbistIsTestCompleted                
000085d4  pbistIsTestPassed                   
00008608  pbistPortTestStatus                 
00008660  efcCheck                            
000086e8  efcStuckZeroTest                    
00008794  efcSelfTest                         
000087bc  checkefcSelfTest                    
0000885c  fmcBus2Check                        
00008898  fmcECCcheck                         
00008938  checkB0RAMECC                       
00008b28  checkB1RAMECC                       
00008d18  checkFlashECC                       
00008df4  custom_dabort                       
00008df8  stcSelfCheckFail                    
00008dfc  cpuSelfTestFail                     
00008e00  vimParityCheck                      
00008eac  het1ParityCheck                     
00008f4c  htu1ParityCheck                     
00009004  adc1ParityCheck                     
000090bc  can1ParityCheck                     
00009198  can2ParityCheck                     
00009260  mibspi1ParityCheck                  
000093bc  checkRAMECC                         
00009604  checkClockMonitor                   
000096d8  checkFlashEEPROMECC                 
00009880  checkPLL1Slip                       
0000999c  checkRAMAddrParity                  
00009aa4  checkRAMUERRTest                    
00009c00  fmcBus1ParityCheck                  
00009d2c  pbistFail                           
00009db0  pbistGetConfigValue                 
00009ef8  stcGetConfigValue                   
00009f98  efcGetConfigValue                   
0000a034  ccmr4GetConfigValue                 
0000a0b0  errata_PBIST_4                      
0000a3d0  enableParity                        
0000a424  disableParity                       
0000a510  setupPLL                            
0000a560  trimLPO                             
0000a5a8  setupFlash                          
0000a5e8  periphInit                          
0000a63c  mapClocks                           
0000a720  systemInit                          
0000a7ec  systemPowerDown                     
0000a81c  systemGetConfigValue                
0000abdc  tcmflashGetConfigValue              
0000ad88  sramGetConfigValue                  
0000af74  vimInit                             
0000b048  vimChannelMap                       
0000b0ec  vimEnableInterrupt                  
0000b244  vimDisableInterrupt                 
0000b2c8  vimGetConfigValue                   
0000b898  ulTaskNotifyTake                    
0000b9e8  xTaskNotifyWait                     
0000bb6c  xTaskNotify                         
0000bd18  xTaskNotifyFromISR                  
0000beec  vTaskNotifyGiveFromISR              
0000c054  sciInit                             
0000c140  sciSetFunctional                    
0000c160  sciSetBaudrate                      
0000c220  sciIsTxReady                        
0000c23c  sciSendByte                         
0000c26c  sciSend                             
0000c340  sciIsRxReady                        
0000c35c  sciIsIdleDetected                   
0000c378  sciRxError                          
0000c3a8  sciReceiveByte                      
0000c3d4  sciReceive                          
0000c474  sciEnableLoopback                   
0000c4a8  sciDisableLoopback                  
0000c4c4  sciEnableNotification               
0000c500  sciDisableNotification              
0000c53c  sciEnterResetState                  
0000c564  sciExitResetState                   
0000c594  scilinGetConfigValue                
0000c740  minit                               
0000c83c  malloc                              
0000c8f8  free                                
0000ca50  realloc                             
0000cbe4  memalign                            
0000cd24  calloc                              
0000cd7c  esmInit                             
0000ce84  esmError                            
0000cea0  esmEnableError                      
0000cecc  esmDisableError                     
0000cef8  esmTriggerErrorPinReset             
0000cf08  esmActivateNormalOperation          
0000cf18  esmEnableInterrupt                  
0000cf44  esmDisableInterrupt                 
0000cf70  esmSetInterruptLevel                
0000cfec  esmClearStatus                      
0000d038  esmClearStatusBuffer                
0000d054  esmSetCounterPreloadValue           
0000d074  esmGetStatus                        
0000d100  esmGetStatusBuffer                  
0000d138  esmEnterSelfTest                    
0000d1c0  esmSelfTestStatus                   
0000d210  esmGetConfigValue                   
0000d364  MPU_xTaskGenericCreate              
0000d3d8  MPU_vTaskAllocateMPURegions         
0000d40c  MPU_vTaskDelete                     
0000d438  MPU_vTaskDelayUntil                 
0000d46c  MPU_vTaskDelay                      
0000d498  MPU_uxTaskPriorityGet               
0000d4cc  MPU_vTaskPrioritySet                
0000d500  MPU_vTaskSuspend                    
0000d52c  MPU_vTaskResume                     
0000d558  MPU_vTaskSuspendAll                 
0000d57c  MPU_xTaskResumeAll                  
0000d5a8  MPU_xTaskGetTickCount               
0000d5d4  MPU_uxTaskGetNumberOfTasks          
0000d600  MPU_uxTaskGetStackHighWaterMark     
0000d634  MPU_xTaskGetSchedulerState          
0000d660  MPU_xQueueGenericCreate             
0000d6ac  MPU_xQueueGenericSend               
0000d700  MPU_uxQueueMessagesWaiting          
0000d734  MPU_xQueueGenericReceive            
0000d788  MPU_vQueueDelete                    
0000d7b4  MPU_xQueueGenericReset              
0000d7f8  MPU_xQueuePeekFromISR               
0000d83c  MPU_pvPortMalloc                    
0000d870  MPU_vPortFree                       
0000d89c  MPU_vPortInitialiseBlocks           
0000d8c0  MPU_xPortGetFreeHeapSize            
0000d8ec  gioInit                             
0000d980  gioSetDirection                     
0000d9a0  gioSetBit                           
0000d9f0  gioSetPort                          
0000da10  gioGetBit                           
0000da38  gioGetPort                          
0000da50  gioToggleBit                        
0000daa8  gioEnableNotification               
0000dae4  gioDisableNotification              
0000db20  gioGetConfigValue                   
0000dc58  _coreInitRegisters_                 
0000dd10  _coreInitStackPointer_              
0000dd5c  _getCPSRValue_                      
0000dd64  _gotoCPUIdle_                       
0000dd7c  _coreEnableEventBusExport_          
0000dd8c  _coreDisableEventBusExport_         
0000dd9c  _coreEnableRamEcc_                  
0000ddac  _coreDisableRamEcc_                 
0000ddbc  _coreEnableFlashEcc_                
0000ddd0  _coreDisableFlashEcc_               
0000dde0  _coreEnableIrqVicOffset_            
0000ddf0  _coreGetDataFault_                  
0000ddf8  _coreClearDataFault_                
0000de04  _coreGetInstructionFault_           
0000de0c  _coreClearInstructionFault_         
0000de18  _coreGetDataFaultAddress_           
0000de20  _coreClearDataFaultAddress_         
0000de2c  _coreGetInstructionFaultAddress_    
0000de34  _coreClearInstructionFaultAddress_  
0000de40  _coreGetAuxiliaryDataFault_         
0000de48  _coreClearAuxiliaryDataFault_       
0000de54  _coreGetAuxiliaryInstructionFault_  
0000de5c  _coreClearAuxiliaryInstructionFault_
0000de68  _disable_interrupt_                 
0000de70  _disable_FIQ_interrupt_             
0000de78  _disable_IRQ_interrupt_             
0000de80  _enable_interrupt_                  
0000de88  _esmCcmErrorsClear_                 
0000df10  _errata_CORTEXR4_66_                
0000df20  __TI_PINIT_Base                     
0000df24  __TI_PINIT_Limit                    
0000e1ac  vimParityErrorHandler               
0000e418  vListInitialise                     
0000e470  vListInitialiseItem                 
0000e48c  vListInsertEnd                      
0000e500  vListInsert                         
0000e5c4  uxListRemove                        
0000e650  serialInit                          
0000e678  serialSend                          
0000e694  serialSendln                        
0000e71c  sciNotification                     
0000e7fc  echoInputBuffer                     
0000e86c  __aeabi_dsub                        
0000e878  __aeabi_dadd                        
0000ea80  _c_int00                            
0000ec88  linHighLevelInterrupt               
0000ee60  vTask1                              
0000ee90  UART_Task                           
0000eeac  main                                
0000f1e0  __aeabi_ddiv                        
0000f370  __aeabi_memcpy                      
0000f370  __aeabi_memcpy4                     
0000f370  __aeabi_memcpy8                     
0000f370  memcpy                              
0000f4f0  floor                               
0000f4f0  floorl                              
0000f648  muxInit                             
0000f6d0  pinmuxGetConfigValue                
0000f798  esmHighInterrupt                    
0000f884  _dabort                             
0000f96c  __aeabi_cdrcmple                    
0000fa4c  _pmuInit_                           
0000fa98  _pmuEnableCountersGlobal_           
0000faa8  _pmuDisableCountersGlobal_          
0000fab8  _pmuResetCycleCounter_              
0000fac8  _pmuResetEventCounters_             
0000fad8  _pmuResetCounters_                  
0000fae8  _pmuStartCounters_                  
0000faf0  _pmuStopCounters_                   
0000faf8  _pmuSetCountEvent_                  
0000fb04  _pmuGetCycleCount_                  
0000fb0c  _pmuGetEventCount_                  
0000fb18  _pmuGetOverflow_                    
0000fb2c  __aeabi_memclr                      
0000fb2c  __aeabi_memclr4                     
0000fb2c  __aeabi_memclr8                     
0000fb30  __aeabi_memset                      
0000fb30  __aeabi_memset4                     
0000fb30  __aeabi_memset8                     
0000fb3c  memset                              
0000fbdc  __TI_auto_init                      
0000fd20  C$$EXIT                             
0000fd28  abort                               
0000fd34  exit                                
0000fdb0  copy_in                             
0000fe34  esmGroup1Notification               
0000fe44  esmGroup2Notification               
0000fe54  memoryPort0TestFailNotification     
0000fe70  memoryPort1TestFailNotification     
0000fe8c  gioNotification                     
0000feb4  __aeabi_d2uiz                       
0000ff0c  __aeabi_ui2d                        
0000ff40  strcat                              
0000ff68  _register_unlock                    
0000ff74  _register_lock                      
0000ff80  _nop                                
0000ff8c  strlen                              
0000ffac  strcpy                              
0000ffc4  __TI_decompress_none                
0000ffd8  __TI_decompress_rle24               
0000ffe0  phantomInterrupt                    
0000ffe4  _system_post_cinit                  
080008d0  pxCurrentTCB                        
08000900  ulCriticalNesting                   
08000904  ulTaskHasFPUContext                 
08003000  _sys_memory                         
08003810  __TI_cleanup_ptr                    
08003814  __TI_dtors_ptr                      
08003818  __TI_enable_exit_profile_output     
08003828  _lock                               
0800382c  _unlock                             
0800385c  xTask1Handle                        
08003860  xUARTTaskHandle                     
ffffffff  __TI_pprof_out_hndl                 
ffffffff  __TI_prof_data_size                 
ffffffff  __TI_prof_data_start                
ffffffff  __binit__                           
ffffffff  __c_args__                          
ffffffff  binit                               
UNDEFED   SHT$$INIT_ARRAY$$Base               
UNDEFED   SHT$$INIT_ARRAY$$Limit              

[332 symbols]
