<?xml version="1.0"?>
<link_info>
   <banner>TI ARM Linker PC v15.12.3.LTS</banner>
   <copyright>Copyright (c) 1996-2015 Texas Instruments Incorporated</copyright>
   <link_time>0x58a4c3da</link_time>
   <link_errors>0x0</link_errors>
   <output_file>570_UART_Example.out</output_file>
   <entry_point>
      <name>_c_int00</name>
      <address>0xea80</address>
   </entry_point>
   <input_file_list>
      <input_file id="fl-2">
         <path>.\SFUsat\</path>
         <kind>object</kind>
         <file>SFU_Serial.obj</file>
         <name>SFU_Serial.obj</name>
      </input_file>
      <input_file id="fl-3">
         <path>.\source\</path>
         <kind>object</kind>
         <file>dabort.obj</file>
         <name>dabort.obj</name>
      </input_file>
      <input_file id="fl-4">
         <path>.\source\</path>
         <kind>object</kind>
         <file>esm.obj</file>
         <name>esm.obj</name>
      </input_file>
      <input_file id="fl-5">
         <path>.\source\</path>
         <kind>object</kind>
         <file>gio.obj</file>
         <name>gio.obj</name>
      </input_file>
      <input_file id="fl-6">
         <path>.\source\</path>
         <kind>object</kind>
         <file>notification.obj</file>
         <name>notification.obj</name>
      </input_file>
      <input_file id="fl-7">
         <path>.\source\</path>
         <kind>object</kind>
         <file>os_croutine.obj</file>
         <name>os_croutine.obj</name>
      </input_file>
      <input_file id="fl-8">
         <path>.\source\</path>
         <kind>object</kind>
         <file>os_event_groups.obj</file>
         <name>os_event_groups.obj</name>
      </input_file>
      <input_file id="fl-9">
         <path>.\source\</path>
         <kind>object</kind>
         <file>os_heap.obj</file>
         <name>os_heap.obj</name>
      </input_file>
      <input_file id="fl-a">
         <path>.\source\</path>
         <kind>object</kind>
         <file>os_list.obj</file>
         <name>os_list.obj</name>
      </input_file>
      <input_file id="fl-b">
         <path>.\source\</path>
         <kind>object</kind>
         <file>os_mpu_wrappers.obj</file>
         <name>os_mpu_wrappers.obj</name>
      </input_file>
      <input_file id="fl-c">
         <path>.\source\</path>
         <kind>object</kind>
         <file>os_port.obj</file>
         <name>os_port.obj</name>
      </input_file>
      <input_file id="fl-d">
         <path>.\source\</path>
         <kind>object</kind>
         <file>os_portasm.obj</file>
         <name>os_portasm.obj</name>
      </input_file>
      <input_file id="fl-e">
         <path>.\source\</path>
         <kind>object</kind>
         <file>os_queue.obj</file>
         <name>os_queue.obj</name>
      </input_file>
      <input_file id="fl-f">
         <path>.\source\</path>
         <kind>object</kind>
         <file>os_tasks.obj</file>
         <name>os_tasks.obj</name>
      </input_file>
      <input_file id="fl-10">
         <path>.\source\</path>
         <kind>object</kind>
         <file>os_timer.obj</file>
         <name>os_timer.obj</name>
      </input_file>
      <input_file id="fl-11">
         <path>.\source\</path>
         <kind>object</kind>
         <file>pinmux.obj</file>
         <name>pinmux.obj</name>
      </input_file>
      <input_file id="fl-12">
         <path>.\source\</path>
         <kind>object</kind>
         <file>sci.obj</file>
         <name>sci.obj</name>
      </input_file>
      <input_file id="fl-13">
         <path>.\source\</path>
         <kind>object</kind>
         <file>sys_core.obj</file>
         <name>sys_core.obj</name>
      </input_file>
      <input_file id="fl-14">
         <path>.\source\</path>
         <kind>object</kind>
         <file>sys_intvecs.obj</file>
         <name>sys_intvecs.obj</name>
      </input_file>
      <input_file id="fl-15">
         <path>.\source\</path>
         <kind>object</kind>
         <file>sys_main.obj</file>
         <name>sys_main.obj</name>
      </input_file>
      <input_file id="fl-16">
         <path>.\source\</path>
         <kind>object</kind>
         <file>sys_mpu.obj</file>
         <name>sys_mpu.obj</name>
      </input_file>
      <input_file id="fl-17">
         <path>.\source\</path>
         <kind>object</kind>
         <file>sys_pcr.obj</file>
         <name>sys_pcr.obj</name>
      </input_file>
      <input_file id="fl-18">
         <path>.\source\</path>
         <kind>object</kind>
         <file>sys_phantom.obj</file>
         <name>sys_phantom.obj</name>
      </input_file>
      <input_file id="fl-19">
         <path>.\source\</path>
         <kind>object</kind>
         <file>sys_pmu.obj</file>
         <name>sys_pmu.obj</name>
      </input_file>
      <input_file id="fl-1a">
         <path>.\source\</path>
         <kind>object</kind>
         <file>sys_selftest.obj</file>
         <name>sys_selftest.obj</name>
      </input_file>
      <input_file id="fl-1b">
         <path>.\source\</path>
         <kind>object</kind>
         <file>sys_startup.obj</file>
         <name>sys_startup.obj</name>
      </input_file>
      <input_file id="fl-1c">
         <path>.\source\</path>
         <kind>object</kind>
         <file>sys_vim.obj</file>
         <name>sys_vim.obj</name>
      </input_file>
      <input_file id="fl-1d">
         <path>.\source\</path>
         <kind>object</kind>
         <file>system.obj</file>
         <name>system.obj</name>
      </input_file>
      <input_file id="fl-d7">
         <path>C:\TI\ccsv6\tools\compiler\arm_15.12.3.LTS\lib\</path>
         <kind>archive</kind>
         <file>rtsv7R4_A_be_eabi.lib</file>
         <name>autoinit.obj</name>
      </input_file>
      <input_file id="fl-d8">
         <path>C:\TI\ccsv6\tools\compiler\arm_15.12.3.LTS\lib\</path>
         <kind>archive</kind>
         <file>rtsv7R4_A_be_eabi.lib</file>
         <name>copy_decompress_none.obj</name>
      </input_file>
      <input_file id="fl-d9">
         <path>C:\TI\ccsv6\tools\compiler\arm_15.12.3.LTS\lib\</path>
         <kind>archive</kind>
         <file>rtsv7R4_A_be_eabi.lib</file>
         <name>copy_decompress_rle.obj</name>
      </input_file>
      <input_file id="fl-da">
         <path>C:\TI\ccsv6\tools\compiler\arm_15.12.3.LTS\lib\</path>
         <kind>archive</kind>
         <file>rtsv7R4_A_be_eabi.lib</file>
         <name>copy_zero_init.obj</name>
      </input_file>
      <input_file id="fl-db">
         <path>C:\TI\ccsv6\tools\compiler\arm_15.12.3.LTS\lib\</path>
         <kind>archive</kind>
         <file>rtsv7R4_A_be_eabi.lib</file>
         <name>cpy_tbl.obj</name>
      </input_file>
      <input_file id="fl-dc">
         <path>C:\TI\ccsv6\tools\compiler\arm_15.12.3.LTS\lib\</path>
         <kind>archive</kind>
         <file>rtsv7R4_A_be_eabi.lib</file>
         <name>exit.obj</name>
      </input_file>
      <input_file id="fl-dd">
         <path>C:\TI\ccsv6\tools\compiler\arm_15.12.3.LTS\lib\</path>
         <kind>archive</kind>
         <file>rtsv7R4_A_be_eabi.lib</file>
         <name>fd_add32.obj</name>
      </input_file>
      <input_file id="fl-de">
         <path>C:\TI\ccsv6\tools\compiler\arm_15.12.3.LTS\lib\</path>
         <kind>archive</kind>
         <file>rtsv7R4_A_be_eabi.lib</file>
         <name>fd_div32.obj</name>
      </input_file>
      <input_file id="fl-df">
         <path>C:\TI\ccsv6\tools\compiler\arm_15.12.3.LTS\lib\</path>
         <kind>archive</kind>
         <file>rtsv7R4_A_be_eabi.lib</file>
         <name>fd_tou32.obj</name>
      </input_file>
      <input_file id="fl-e0">
         <path>C:\TI\ccsv6\tools\compiler\arm_15.12.3.LTS\lib\</path>
         <kind>archive</kind>
         <file>rtsv7R4_A_be_eabi.lib</file>
         <name>memcpy32.obj</name>
      </input_file>
      <input_file id="fl-e1">
         <path>C:\TI\ccsv6\tools\compiler\arm_15.12.3.LTS\lib\</path>
         <kind>archive</kind>
         <file>rtsv7R4_A_be_eabi.lib</file>
         <name>memory.obj</name>
      </input_file>
      <input_file id="fl-e2">
         <path>C:\TI\ccsv6\tools\compiler\arm_15.12.3.LTS\lib\</path>
         <kind>archive</kind>
         <file>rtsv7R4_A_be_eabi.lib</file>
         <name>memset32.obj</name>
      </input_file>
      <input_file id="fl-e3">
         <path>C:\TI\ccsv6\tools\compiler\arm_15.12.3.LTS\lib\</path>
         <kind>archive</kind>
         <file>rtsv7R4_A_be_eabi.lib</file>
         <name>s_floor.obj</name>
      </input_file>
      <input_file id="fl-e4">
         <path>C:\TI\ccsv6\tools\compiler\arm_15.12.3.LTS\lib\</path>
         <kind>archive</kind>
         <file>rtsv7R4_A_be_eabi.lib</file>
         <name>startup.obj</name>
      </input_file>
      <input_file id="fl-e5">
         <path>C:\TI\ccsv6\tools\compiler\arm_15.12.3.LTS\lib\</path>
         <kind>archive</kind>
         <file>rtsv7R4_A_be_eabi.lib</file>
         <name>strcat.obj</name>
      </input_file>
      <input_file id="fl-e6">
         <path>C:\TI\ccsv6\tools\compiler\arm_15.12.3.LTS\lib\</path>
         <kind>archive</kind>
         <file>rtsv7R4_A_be_eabi.lib</file>
         <name>strcpy.obj</name>
      </input_file>
      <input_file id="fl-e7">
         <path>C:\TI\ccsv6\tools\compiler\arm_15.12.3.LTS\lib\</path>
         <kind>archive</kind>
         <file>rtsv7R4_A_be_eabi.lib</file>
         <name>strlen.obj</name>
      </input_file>
      <input_file id="fl-e8">
         <path>C:\TI\ccsv6\tools\compiler\arm_15.12.3.LTS\lib\</path>
         <kind>archive</kind>
         <file>rtsv7R4_A_be_eabi.lib</file>
         <name>u_tofd32.obj</name>
      </input_file>
      <input_file id="fl-e9">
         <path>C:\TI\ccsv6\tools\compiler\arm_15.12.3.LTS\lib\</path>
         <kind>archive</kind>
         <file>rtsv7R4_A_be_eabi.lib</file>
         <name>_lock.obj</name>
      </input_file>
      <input_file id="fl-ea">
         <path>C:\TI\ccsv6\tools\compiler\arm_15.12.3.LTS\lib\</path>
         <kind>archive</kind>
         <file>rtsv7R4_A_be_eabi.lib</file>
         <name>fd_cmp32.obj</name>
      </input_file>
   </input_file_list>
   <object_component_list>
      <object_component id="oc-36">
         <name>.intvecs</name>
         <load_address>0x0</load_address>
         <run_address>0x0</run_address>
         <size>0x20</size>
         <input_file_ref idref="fl-14"/>
      </object_component>
      <object_component id="oc-11d">
         <name>.kernelTEXT</name>
         <load_address>0x20</load_address>
         <run_address>0x20</run_address>
         <size>0x1cd8</size>
         <input_file_ref idref="fl-f"/>
      </object_component>
      <object_component id="oc-1fb">
         <name>.kernelTEXT</name>
         <load_address>0x1cf8</load_address>
         <run_address>0x1cf8</run_address>
         <size>0x1124</size>
         <input_file_ref idref="fl-e"/>
      </object_component>
      <object_component id="oc-222">
         <name>.kernelTEXT</name>
         <load_address>0x2e1c</load_address>
         <run_address>0x2e1c</run_address>
         <size>0x3bc</size>
         <input_file_ref idref="fl-c"/>
      </object_component>
      <object_component id="oc-ab">
         <name>.kernelTEXT</name>
         <load_address>0x31d8</load_address>
         <run_address>0x31d8</run_address>
         <size>0x3b0</size>
         <input_file_ref idref="fl-d"/>
      </object_component>
      <object_component id="oc-201">
         <name>.kernelTEXT</name>
         <load_address>0x3588</load_address>
         <run_address>0x3588</run_address>
         <size>0x3a4</size>
         <input_file_ref idref="fl-9"/>
      </object_component>
      <object_component id="oc-35a">
         <name>.cinit..data.load</name>
         <load_address>0x3930</load_address>
         <run_address>0x3930</run_address>
         <size>0x20</size>
      </object_component>
      <object_component id="oc-357">
         <name>.cinit..kernelBSS.load</name>
         <load_address>0x3950</load_address>
         <run_address>0x3950</run_address>
         <size>0x14</size>
      </object_component>
      <object_component id="oc-358">
         <name>.cinit..kernelHEAP.load</name>
         <load_address>0x3968</load_address>
         <run_address>0x3968</run_address>
         <size>0xb</size>
      </object_component>
      <object_component id="oc-359">
         <name>.cinit..bss.load</name>
         <load_address>0x3978</load_address>
         <run_address>0x3978</run_address>
         <size>0x9</size>
      </object_component>
      <object_component id="oc-355">
         <name>__TI_handler_table</name>
         <load_address>0x3984</load_address>
         <run_address>0x3984</run_address>
         <size>0x8</size>
      </object_component>
      <object_component id="oc-356">
         <name>__TI_cinit_table</name>
         <load_address>0x398c</load_address>
         <run_address>0x398c</run_address>
         <size>0x20</size>
      </object_component>
      <object_component id="oc-80">
         <name>.text</name>
         <load_address>0x8020</load_address>
         <run_address>0x8020</run_address>
         <size>0x24f0</size>
         <input_file_ref idref="fl-1a"/>
      </object_component>
      <object_component id="oc-7a">
         <name>.text</name>
         <load_address>0xa510</load_address>
         <run_address>0xa510</run_address>
         <size>0xa64</size>
         <input_file_ref idref="fl-1d"/>
      </object_component>
      <object_component id="oc-42">
         <name>.text</name>
         <load_address>0xaf74</load_address>
         <run_address>0xaf74</run_address>
         <size>0x89c</size>
         <input_file_ref idref="fl-1c"/>
      </object_component>
      <object_component id="oc-22e">
         <name>.text</name>
         <load_address>0xb810</load_address>
         <run_address>0xb810</run_address>
         <size>0x844</size>
         <input_file_ref idref="fl-f"/>
      </object_component>
      <object_component id="oc-169">
         <name>.text</name>
         <load_address>0xc054</load_address>
         <run_address>0xc054</run_address>
         <size>0x6ec</size>
         <input_file_ref idref="fl-12"/>
      </object_component>
      <object_component id="oc-175">
         <name>.text</name>
         <load_address>0xc740</load_address>
         <run_address>0xc740</run_address>
         <size>0x63c</size>
         <input_file_ref idref="fl-e1"/>
      </object_component>
      <object_component id="oc-86">
         <name>.text</name>
         <load_address>0xcd7c</load_address>
         <run_address>0xcd7c</run_address>
         <size>0x5e8</size>
         <input_file_ref idref="fl-4"/>
      </object_component>
      <object_component id="oc-117">
         <name>.text</name>
         <load_address>0xd364</load_address>
         <run_address>0xd364</run_address>
         <size>0x588</size>
         <input_file_ref idref="fl-b"/>
      </object_component>
      <object_component id="oc-111">
         <name>.text</name>
         <load_address>0xd8ec</load_address>
         <run_address>0xd8ec</run_address>
         <size>0x36c</size>
         <input_file_ref idref="fl-5"/>
      </object_component>
      <object_component id="oc-75">
         <name>.text</name>
         <load_address>0xdc58</load_address>
         <run_address>0xdc58</run_address>
         <size>0x2d0</size>
         <input_file_ref idref="fl-13"/>
      </object_component>
      <object_component id="oc-2b1">
         <name>.text</name>
         <load_address>0xdf28</load_address>
         <run_address>0xdf28</run_address>
         <size>0x284</size>
         <input_file_ref idref="fl-9"/>
      </object_component>
      <object_component id="oc-41">
         <name>.text:retain</name>
         <load_address>0xe1ac</load_address>
         <run_address>0xe1ac</run_address>
         <size>0x26c</size>
         <input_file_ref idref="fl-1c"/>
      </object_component>
      <object_component id="oc-228">
         <name>.text</name>
         <load_address>0xe418</load_address>
         <run_address>0xe418</run_address>
         <size>0x238</size>
         <input_file_ref idref="fl-a"/>
      </object_component>
      <object_component id="oc-b3">
         <name>.text</name>
         <load_address>0xe650</load_address>
         <run_address>0xe650</run_address>
         <size>0x21c</size>
         <input_file_ref idref="fl-2"/>
      </object_component>
      <object_component id="oc-263">
         <name>.text</name>
         <load_address>0xe86c</load_address>
         <run_address>0xe86c</run_address>
         <size>0x214</size>
         <input_file_ref idref="fl-dd"/>
      </object_component>
      <object_component id="oc-21">
         <name>.text:retain</name>
         <load_address>0xea80</load_address>
         <run_address>0xea80</run_address>
         <size>0x208</size>
         <input_file_ref idref="fl-1b"/>
      </object_component>
      <object_component id="oc-30">
         <name>.text:retain</name>
         <load_address>0xec88</load_address>
         <run_address>0xec88</run_address>
         <size>0x1d8</size>
         <input_file_ref idref="fl-12"/>
      </object_component>
      <object_component id="oc-92">
         <name>.text</name>
         <load_address>0xee60</load_address>
         <run_address>0xee60</run_address>
         <size>0x1cc</size>
         <input_file_ref idref="fl-15"/>
      </object_component>
      <object_component id="oc-2c5">
         <name>.text</name>
         <load_address>0xf02c</load_address>
         <run_address>0xf02c</run_address>
         <size>0x1b4</size>
         <input_file_ref idref="fl-c"/>
      </object_component>
      <object_component id="oc-25e">
         <name>.text</name>
         <load_address>0xf1e0</load_address>
         <run_address>0xf1e0</run_address>
         <size>0x190</size>
         <input_file_ref idref="fl-de"/>
      </object_component>
      <object_component id="oc-50">
         <name>.text</name>
         <load_address>0xf370</load_address>
         <run_address>0xf370</run_address>
         <size>0x180</size>
         <input_file_ref idref="fl-e0"/>
      </object_component>
      <object_component id="oc-268">
         <name>.text</name>
         <load_address>0xf4f0</load_address>
         <run_address>0xf4f0</run_address>
         <size>0x158</size>
         <input_file_ref idref="fl-e3"/>
      </object_component>
      <object_component id="oc-ed">
         <name>.text</name>
         <load_address>0xf648</load_address>
         <run_address>0xf648</run_address>
         <size>0x150</size>
         <input_file_ref idref="fl-11"/>
      </object_component>
      <object_component id="oc-27">
         <name>.text:retain</name>
         <load_address>0xf798</load_address>
         <run_address>0xf798</run_address>
         <size>0xec</size>
         <input_file_ref idref="fl-4"/>
      </object_component>
      <object_component id="oc-bd">
         <name>.text</name>
         <load_address>0xf884</load_address>
         <run_address>0xf884</run_address>
         <size>0xe8</size>
         <input_file_ref idref="fl-3"/>
      </object_component>
      <object_component id="oc-2e4">
         <name>.text:__aeabi_cdrcmple</name>
         <load_address>0xf96c</load_address>
         <run_address>0xf96c</run_address>
         <size>0xe0</size>
         <input_file_ref idref="fl-ea"/>
      </object_component>
      <object_component id="oc-f5">
         <name>.text</name>
         <load_address>0xfa4c</load_address>
         <run_address>0xfa4c</run_address>
         <size>0xe0</size>
         <input_file_ref idref="fl-19"/>
      </object_component>
      <object_component id="oc-69">
         <name>.text</name>
         <load_address>0xfb2c</load_address>
         <run_address>0xfb2c</run_address>
         <size>0xb0</size>
         <input_file_ref idref="fl-e2"/>
      </object_component>
      <object_component id="oc-8c">
         <name>.text</name>
         <load_address>0xfbdc</load_address>
         <run_address>0xfbdc</run_address>
         <size>0xa8</size>
         <input_file_ref idref="fl-d7"/>
      </object_component>
      <object_component id="oc-5c">
         <name>.text</name>
         <load_address>0xfc84</load_address>
         <run_address>0xfc84</run_address>
         <size>0x9c</size>
         <input_file_ref idref="fl-d9"/>
      </object_component>
      <object_component id="oc-98">
         <name>.text</name>
         <load_address>0xfd20</load_address>
         <run_address>0xfd20</run_address>
         <size>0x90</size>
         <input_file_ref idref="fl-dc"/>
      </object_component>
      <object_component id="oc-103">
         <name>.text</name>
         <load_address>0xfdb0</load_address>
         <run_address>0xfdb0</run_address>
         <size>0x84</size>
         <input_file_ref idref="fl-db"/>
      </object_component>
      <object_component id="oc-9f">
         <name>.text</name>
         <load_address>0xfe34</load_address>
         <run_address>0xfe34</run_address>
         <size>0x80</size>
         <input_file_ref idref="fl-6"/>
      </object_component>
      <object_component id="oc-26e">
         <name>.text</name>
         <load_address>0xfeb4</load_address>
         <run_address>0xfeb4</run_address>
         <size>0x58</size>
         <input_file_ref idref="fl-df"/>
      </object_component>
      <object_component id="oc-259">
         <name>.text</name>
         <load_address>0xff0c</load_address>
         <run_address>0xff0c</run_address>
         <size>0x34</size>
         <input_file_ref idref="fl-e8"/>
      </object_component>
      <object_component id="oc-181">
         <name>.text</name>
         <load_address>0xff40</load_address>
         <run_address>0xff40</run_address>
         <size>0x28</size>
         <input_file_ref idref="fl-e5"/>
      </object_component>
      <object_component id="oc-247">
         <name>.text</name>
         <load_address>0xff68</load_address>
         <run_address>0xff68</run_address>
         <size>0x24</size>
         <input_file_ref idref="fl-e9"/>
      </object_component>
      <object_component id="oc-16f">
         <name>.text</name>
         <load_address>0xff8c</load_address>
         <run_address>0xff8c</run_address>
         <size>0x20</size>
         <input_file_ref idref="fl-e7"/>
      </object_component>
      <object_component id="oc-17b">
         <name>.text</name>
         <load_address>0xffac</load_address>
         <run_address>0xffac</run_address>
         <size>0x18</size>
         <input_file_ref idref="fl-e6"/>
      </object_component>
      <object_component id="oc-f">
         <name>.text:decompress:none</name>
         <load_address>0xffc4</load_address>
         <run_address>0xffc4</run_address>
         <size>0x14</size>
         <input_file_ref idref="fl-d8"/>
      </object_component>
      <object_component id="oc-15">
         <name>.text:decompress:rle24</name>
         <load_address>0xffd8</load_address>
         <run_address>0xffd8</run_address>
         <size>0x8</size>
         <input_file_ref idref="fl-d9"/>
      </object_component>
      <object_component id="oc-3b">
         <name>.text:retain</name>
         <load_address>0xffe0</load_address>
         <run_address>0xffe0</run_address>
         <size>0x4</size>
         <input_file_ref idref="fl-18"/>
      </object_component>
      <object_component id="oc-109">
         <name>.text</name>
         <load_address>0xffe4</load_address>
         <run_address>0xffe4</run_address>
         <size>0x4</size>
         <input_file_ref idref="fl-e4"/>
      </object_component>
      <object_component id="oc-2d">
         <name>.const:s_vim_init</name>
         <load_address>0xffe8</load_address>
         <run_address>0xffe8</run_address>
         <size>0x180</size>
         <input_file_ref idref="fl-1c"/>
      </object_component>
      <object_component id="oc-2ba">
         <name>.const</name>
         <load_address>0x10168</load_address>
         <run_address>0x10168</run_address>
         <size>0x4</size>
         <input_file_ref idref="fl-9"/>
      </object_component>
      <object_component id="oc-18d">
         <name>.const:.string:$P$T0$1</name>
         <load_address>0x1016c</load_address>
         <run_address>0x1016c</run_address>
         <size>0x3</size>
         <input_file_ref idref="fl-2"/>
      </object_component>
      <object_component id="oc-140">
         <name>.kernelBSS</name>
         <load_address>0x8000900</load_address>
         <run_address>0x8000900</run_address>
         <size>0x8</size>
         <input_file_ref idref="fl-c"/>
      </object_component>
      <object_component id="oc-13d">
         <name>.kernelBSS:init</name>
         <load_address>0x80008d0</load_address>
         <run_address>0x80008d0</run_address>
         <size>0x30</size>
         <input_file_ref idref="fl-f"/>
      </object_component>
      <object_component id="oc-234">
         <name>.kernelBSS:uninit</name>
         <load_address>0x8000800</load_address>
         <run_address>0x8000800</run_address>
         <size>0xd0</size>
         <input_file_ref idref="fl-f"/>
      </object_component>
      <object_component id="oc-308">
         <name>.kernelHEAP</name>
         <uninitialized>true</uninitialized>
         <run_address>0x8001000</run_address>
         <size>0x2000</size>
         <input_file_ref idref="fl-9"/>
      </object_component>
      <object_component id="oc-18a">
         <name>.bss</name>
         <uninitialized>true</uninitialized>
         <run_address>0x8003864</run_address>
         <size>0x1</size>
         <input_file_ref idref="fl-2"/>
      </object_component>
      <object_component id="oc-190">
         <name>.bss:inputBuffer</name>
         <uninitialized>true</uninitialized>
         <run_address>0x8003848</run_address>
         <size>0xc</size>
         <input_file_ref idref="fl-2"/>
      </object_component>
      <object_component id="oc-2bd">
         <name>.bss:xStart</name>
         <uninitialized>true</uninitialized>
         <run_address>0x8003854</run_address>
         <size>0x8</size>
         <input_file_ref idref="fl-9"/>
      </object_component>
      <object_component id="oc-b9">
         <name>.bss:g_sciTransfer_t</name>
         <uninitialized>true</uninitialized>
         <run_address>0x8003834</run_address>
         <size>0x14</size>
         <input_file_ref idref="fl-12"/>
      </object_component>
      <object_component id="oc-123">
         <name>.common:xTask1Handle</name>
         <uninitialized>true</uninitialized>
         <run_address>0x800385c</run_address>
         <size>0x4</size>
      </object_component>
      <object_component id="oc-126">
         <name>.common:xUARTTaskHandle</name>
         <uninitialized>true</uninitialized>
         <run_address>0x8003860</run_address>
         <size>0x4</size>
      </object_component>
      <object_component id="oc-187">
         <name>.data</name>
         <load_address>0x8003830</load_address>
         <run_address>0x8003830</run_address>
         <size>0x4</size>
         <input_file_ref idref="fl-2"/>
      </object_component>
      <object_component id="oc-2b7">
         <name>.data</name>
         <load_address>0x8003800</load_address>
         <run_address>0x8003800</run_address>
         <size>0x10</size>
         <input_file_ref idref="fl-9"/>
      </object_component>
      <object_component id="oc-12d">
         <name>.data:$O1$$</name>
         <load_address>0x8003810</load_address>
         <run_address>0x8003810</run_address>
         <size>0xc</size>
         <input_file_ref idref="fl-dc"/>
      </object_component>
      <object_component id="oc-276">
         <name>.data:$O1$$</name>
         <load_address>0x800381c</load_address>
         <run_address>0x800381c</run_address>
         <size>0xc</size>
         <input_file_ref idref="fl-e1"/>
      </object_component>
      <object_component id="oc-130">
         <name>.data:$O1$$</name>
         <load_address>0x8003828</load_address>
         <run_address>0x8003828</run_address>
         <size>0x8</size>
         <input_file_ref idref="fl-e9"/>
      </object_component>
      <object_component id="oc-4d">
         <name>.sysmem</name>
         <uninitialized>true</uninitialized>
         <run_address>0x8003000</run_address>
         <size>0x8</size>
         <input_file_ref idref="fl-e1"/>
      </object_component>
      <object_component id="oc-35b">
         <name>.sysmem</name>
         <uninitialized>true</uninitialized>
         <run_address>0x8003000</run_address>
         <size>0x0</size>
      </object_component>
      <object_component id="oc-194">
         <name>.debug_info</name>
         <load_address>0x0</load_address>
         <run_address>0x0</run_address>
         <size>0x2a7</size>
         <input_file_ref idref="fl-2"/>
      </object_component>
      <object_component id="oc-18b">
         <name>.debug_info</name>
         <load_address>0x2a7</load_address>
         <run_address>0x2a7</run_address>
         <size>0xea</size>
         <input_file_ref idref="fl-2"/>
      </object_component>
      <object_component id="oc-191">
         <name>.debug_info</name>
         <load_address>0x391</load_address>
         <run_address>0x391</run_address>
         <size>0xee</size>
         <input_file_ref idref="fl-2"/>
      </object_component>
      <object_component id="oc-188">
         <name>.debug_info</name>
         <load_address>0x47f</load_address>
         <run_address>0x47f</run_address>
         <size>0xee</size>
         <input_file_ref idref="fl-2"/>
      </object_component>
      <object_component id="oc-18e">
         <name>.debug_info</name>
         <load_address>0x56d</load_address>
         <run_address>0x56d</run_address>
         <size>0xe6</size>
         <input_file_ref idref="fl-2"/>
      </object_component>
      <object_component id="oc-b4">
         <name>.debug_info</name>
         <load_address>0x653</load_address>
         <run_address>0x653</run_address>
         <size>0x526</size>
         <input_file_ref idref="fl-2"/>
      </object_component>
      <object_component id="oc-a6">
         <name>.debug_info</name>
         <load_address>0xb79</load_address>
         <run_address>0xb79</run_address>
         <size>0x157</size>
         <input_file_ref idref="fl-2"/>
      </object_component>
      <object_component id="oc-128">
         <name>.debug_info</name>
         <load_address>0xcd0</load_address>
         <run_address>0xcd0</run_address>
         <size>0x8b</size>
         <input_file_ref idref="fl-2"/>
      </object_component>
      <object_component id="oc-138">
         <name>.debug_info</name>
         <load_address>0xd5b</load_address>
         <run_address>0xd5b</run_address>
         <size>0x18b</size>
         <input_file_ref idref="fl-2"/>
      </object_component>
      <object_component id="oc-e4">
         <name>.debug_info</name>
         <load_address>0xee6</load_address>
         <run_address>0xee6</run_address>
         <size>0x2c</size>
         <input_file_ref idref="fl-2"/>
      </object_component>
      <object_component id="oc-ca">
         <name>.debug_info</name>
         <load_address>0xf12</load_address>
         <run_address>0xf12</run_address>
         <size>0x86</size>
         <input_file_ref idref="fl-2"/>
      </object_component>
      <object_component id="oc-150">
         <name>.debug_info</name>
         <load_address>0xf98</load_address>
         <run_address>0xf98</run_address>
         <size>0x1f9</size>
         <input_file_ref idref="fl-2"/>
      </object_component>
      <object_component id="oc-23b">
         <name>.debug_info</name>
         <load_address>0x1191</load_address>
         <run_address>0x1191</run_address>
         <size>0x243</size>
         <input_file_ref idref="fl-2"/>
      </object_component>
      <object_component id="oc-28f">
         <name>.debug_info</name>
         <load_address>0x13d4</load_address>
         <run_address>0x13d4</run_address>
         <size>0x18e</size>
         <input_file_ref idref="fl-2"/>
      </object_component>
      <object_component id="oc-be">
         <name>.debug_info</name>
         <load_address>0x1562</load_address>
         <run_address>0x1562</run_address>
         <size>0x107</size>
         <input_file_ref idref="fl-3"/>
      </object_component>
      <object_component id="oc-102">
         <name>.debug_info</name>
         <load_address>0x1669</load_address>
         <run_address>0x1669</run_address>
         <size>0x16f</size>
         <input_file_ref idref="fl-4"/>
      </object_component>
      <object_component id="oc-87">
         <name>.debug_info</name>
         <load_address>0x17d8</load_address>
         <run_address>0x17d8</run_address>
         <size>0xb30</size>
         <input_file_ref idref="fl-4"/>
      </object_component>
      <object_component id="oc-28">
         <name>.debug_info</name>
         <load_address>0x2308</load_address>
         <run_address>0x2308</run_address>
         <size>0x190</size>
         <input_file_ref idref="fl-4"/>
      </object_component>
      <object_component id="oc-c5">
         <name>.debug_info</name>
         <load_address>0x2498</load_address>
         <run_address>0x2498</run_address>
         <size>0x18c</size>
         <input_file_ref idref="fl-4"/>
      </object_component>
      <object_component id="oc-146">
         <name>.debug_info</name>
         <load_address>0x2624</load_address>
         <run_address>0x2624</run_address>
         <size>0x1de</size>
         <input_file_ref idref="fl-4"/>
      </object_component>
      <object_component id="oc-fd">
         <name>.debug_info</name>
         <load_address>0x2802</load_address>
         <run_address>0x2802</run_address>
         <size>0x129</size>
         <input_file_ref idref="fl-4"/>
      </object_component>
      <object_component id="oc-15f">
         <name>.debug_info</name>
         <load_address>0x292b</load_address>
         <run_address>0x292b</run_address>
         <size>0x2cf</size>
         <input_file_ref idref="fl-4"/>
      </object_component>
      <object_component id="oc-1fa">
         <name>.debug_info</name>
         <load_address>0x2bfa</load_address>
         <run_address>0x2bfa</run_address>
         <size>0xf2</size>
         <input_file_ref idref="fl-5"/>
      </object_component>
      <object_component id="oc-112">
         <name>.debug_info</name>
         <load_address>0x2cec</load_address>
         <run_address>0x2cec</run_address>
         <size>0x6dd</size>
         <input_file_ref idref="fl-5"/>
      </object_component>
      <object_component id="oc-2a5">
         <name>.debug_info</name>
         <load_address>0x33c9</load_address>
         <run_address>0x33c9</run_address>
         <size>0xda</size>
         <input_file_ref idref="fl-5"/>
      </object_component>
      <object_component id="oc-137">
         <name>.debug_info</name>
         <load_address>0x34a3</load_address>
         <run_address>0x34a3</run_address>
         <size>0x2a0</size>
         <input_file_ref idref="fl-6"/>
      </object_component>
      <object_component id="oc-a0">
         <name>.debug_info</name>
         <load_address>0x3743</load_address>
         <run_address>0x3743</run_address>
         <size>0x642</size>
         <input_file_ref idref="fl-6"/>
      </object_component>
      <object_component id="oc-1a9">
         <name>.debug_info</name>
         <load_address>0x3d85</load_address>
         <run_address>0x3d85</run_address>
         <size>0x791</size>
         <input_file_ref idref="fl-6"/>
      </object_component>
      <object_component id="oc-1ae">
         <name>.debug_info</name>
         <load_address>0x4516</load_address>
         <run_address>0x4516</run_address>
         <size>0x4de</size>
         <input_file_ref idref="fl-6"/>
      </object_component>
      <object_component id="oc-1b3">
         <name>.debug_info</name>
         <load_address>0x49f4</load_address>
         <run_address>0x49f4</run_address>
         <size>0x3ce</size>
         <input_file_ref idref="fl-6"/>
      </object_component>
      <object_component id="oc-1b8">
         <name>.debug_info</name>
         <load_address>0x4dc2</load_address>
         <run_address>0x4dc2</run_address>
         <size>0x437</size>
         <input_file_ref idref="fl-6"/>
      </object_component>
      <object_component id="oc-1e3">
         <name>.debug_info</name>
         <load_address>0x51f9</load_address>
         <run_address>0x51f9</run_address>
         <size>0x37b</size>
         <input_file_ref idref="fl-6"/>
      </object_component>
      <object_component id="oc-1bd">
         <name>.debug_info</name>
         <load_address>0x5574</load_address>
         <run_address>0x5574</run_address>
         <size>0x1ca</size>
         <input_file_ref idref="fl-6"/>
      </object_component>
      <object_component id="oc-14b">
         <name>.debug_info</name>
         <load_address>0x573e</load_address>
         <run_address>0x573e</run_address>
         <size>0x435</size>
         <input_file_ref idref="fl-6"/>
      </object_component>
      <object_component id="oc-1d6">
         <name>.debug_info</name>
         <load_address>0x5b73</load_address>
         <run_address>0x5b73</run_address>
         <size>0x510</size>
         <input_file_ref idref="fl-6"/>
      </object_component>
      <object_component id="oc-1c2">
         <name>.debug_info</name>
         <load_address>0x6083</load_address>
         <run_address>0x6083</run_address>
         <size>0x3d3</size>
         <input_file_ref idref="fl-6"/>
      </object_component>
      <object_component id="oc-1cc">
         <name>.debug_info</name>
         <load_address>0x6456</load_address>
         <run_address>0x6456</run_address>
         <size>0x1de</size>
         <input_file_ref idref="fl-6"/>
      </object_component>
      <object_component id="oc-1db">
         <name>.debug_info</name>
         <load_address>0x6634</load_address>
         <run_address>0x6634</run_address>
         <size>0x17a</size>
         <input_file_ref idref="fl-6"/>
      </object_component>
      <object_component id="oc-155">
         <name>.debug_info</name>
         <load_address>0x67ae</load_address>
         <run_address>0x67ae</run_address>
         <size>0x642</size>
         <input_file_ref idref="fl-6"/>
      </object_component>
      <object_component id="oc-15a">
         <name>.debug_info</name>
         <load_address>0x6df0</load_address>
         <run_address>0x6df0</run_address>
         <size>0x13e</size>
         <input_file_ref idref="fl-6"/>
      </object_component>
      <object_component id="oc-2c2">
         <name>.debug_info</name>
         <load_address>0x6f2e</load_address>
         <run_address>0x6f2e</run_address>
         <size>0x34f</size>
         <input_file_ref idref="fl-7"/>
      </object_component>
      <object_component id="oc-213">
         <name>.debug_info</name>
         <load_address>0x727d</load_address>
         <run_address>0x727d</run_address>
         <size>0x2ef</size>
         <input_file_ref idref="fl-7"/>
      </object_component>
      <object_component id="oc-208">
         <name>.debug_info</name>
         <load_address>0x756c</load_address>
         <run_address>0x756c</run_address>
         <size>0xe1</size>
         <input_file_ref idref="fl-7"/>
      </object_component>
      <object_component id="oc-dc">
         <name>.debug_info</name>
         <load_address>0x764d</load_address>
         <run_address>0x764d</run_address>
         <size>0x84</size>
         <input_file_ref idref="fl-7"/>
      </object_component>
      <object_component id="oc-31b">
         <name>.debug_info</name>
         <load_address>0x76d1</load_address>
         <run_address>0x76d1</run_address>
         <size>0xcc</size>
         <input_file_ref idref="fl-7"/>
      </object_component>
      <object_component id="oc-20d">
         <name>.debug_info</name>
         <load_address>0x779d</load_address>
         <run_address>0x779d</run_address>
         <size>0x2c</size>
         <input_file_ref idref="fl-7"/>
      </object_component>
      <object_component id="oc-21d">
         <name>.debug_info</name>
         <load_address>0x77c9</load_address>
         <run_address>0x77c9</run_address>
         <size>0x46</size>
         <input_file_ref idref="fl-7"/>
      </object_component>
      <object_component id="oc-240">
         <name>.debug_info</name>
         <load_address>0x780f</load_address>
         <run_address>0x780f</run_address>
         <size>0x14c</size>
         <input_file_ref idref="fl-7"/>
      </object_component>
      <object_component id="oc-307">
         <name>.debug_info</name>
         <load_address>0x795b</load_address>
         <run_address>0x795b</run_address>
         <size>0x45d</size>
         <input_file_ref idref="fl-8"/>
      </object_component>
      <object_component id="oc-2ac">
         <name>.debug_info</name>
         <load_address>0x7db8</load_address>
         <run_address>0x7db8</run_address>
         <size>0x110</size>
         <input_file_ref idref="fl-8"/>
      </object_component>
      <object_component id="oc-32a">
         <name>.debug_info</name>
         <load_address>0x7ec8</load_address>
         <run_address>0x7ec8</run_address>
         <size>0x39</size>
         <input_file_ref idref="fl-8"/>
      </object_component>
      <object_component id="oc-2d9">
         <name>.debug_info</name>
         <load_address>0x7f01</load_address>
         <run_address>0x7f01</run_address>
         <size>0x46</size>
         <input_file_ref idref="fl-8"/>
      </object_component>
      <object_component id="oc-32f">
         <name>.debug_info</name>
         <load_address>0x7f47</load_address>
         <run_address>0x7f47</run_address>
         <size>0x62</size>
         <input_file_ref idref="fl-8"/>
      </object_component>
      <object_component id="oc-2c1">
         <name>.debug_info</name>
         <load_address>0x7fa9</load_address>
         <run_address>0x7fa9</run_address>
         <size>0x20a</size>
         <input_file_ref idref="fl-9"/>
      </object_component>
      <object_component id="oc-309">
         <name>.debug_info</name>
         <load_address>0x81b3</load_address>
         <run_address>0x81b3</run_address>
         <size>0xe1</size>
         <input_file_ref idref="fl-9"/>
      </object_component>
      <object_component id="oc-2bb">
         <name>.debug_info</name>
         <load_address>0x8294</load_address>
         <run_address>0x8294</run_address>
         <size>0xf3</size>
         <input_file_ref idref="fl-9"/>
      </object_component>
      <object_component id="oc-2be">
         <name>.debug_info</name>
         <load_address>0x8387</load_address>
         <run_address>0x8387</run_address>
         <size>0xe1</size>
         <input_file_ref idref="fl-9"/>
      </object_component>
      <object_component id="oc-2b8">
         <name>.debug_info</name>
         <load_address>0x8468</load_address>
         <run_address>0x8468</run_address>
         <size>0x195</size>
         <input_file_ref idref="fl-9"/>
      </object_component>
      <object_component id="oc-202">
         <name>.debug_info</name>
         <load_address>0x85fd</load_address>
         <run_address>0x85fd</run_address>
         <size>0x53e</size>
         <input_file_ref idref="fl-9"/>
      </object_component>
      <object_component id="oc-2b2">
         <name>.debug_info</name>
         <load_address>0x8b3b</load_address>
         <run_address>0x8b3b</run_address>
         <size>0x2b8</size>
         <input_file_ref idref="fl-9"/>
      </object_component>
      <object_component id="oc-312">
         <name>.debug_info</name>
         <load_address>0x8df3</load_address>
         <run_address>0x8df3</run_address>
         <size>0x62</size>
         <input_file_ref idref="fl-9"/>
      </object_component>
      <object_component id="oc-2ce">
         <name>.debug_info</name>
         <load_address>0x8e55</load_address>
         <run_address>0x8e55</run_address>
         <size>0x140</size>
         <input_file_ref idref="fl-a"/>
      </object_component>
      <object_component id="oc-229">
         <name>.debug_info</name>
         <load_address>0x8f95</load_address>
         <run_address>0x8f95</run_address>
         <size>0x4bf</size>
         <input_file_ref idref="fl-a"/>
      </object_component>
      <object_component id="oc-212">
         <name>.debug_info</name>
         <load_address>0x9454</load_address>
         <run_address>0x9454</run_address>
         <size>0x779</size>
         <input_file_ref idref="fl-b"/>
      </object_component>
      <object_component id="oc-118">
         <name>.debug_info</name>
         <load_address>0x9bcd</load_address>
         <run_address>0x9bcd</run_address>
         <size>0x2194</size>
         <input_file_ref idref="fl-b"/>
      </object_component>
      <object_component id="oc-218">
         <name>.debug_info</name>
         <load_address>0xbd61</load_address>
         <run_address>0xbd61</run_address>
         <size>0x46</size>
         <input_file_ref idref="fl-b"/>
      </object_component>
      <object_component id="oc-2cc">
         <name>.debug_info</name>
         <load_address>0xbda7</load_address>
         <run_address>0xbda7</run_address>
         <size>0x25e</size>
         <input_file_ref idref="fl-c"/>
      </object_component>
      <object_component id="oc-141">
         <name>.debug_info</name>
         <load_address>0xc005</load_address>
         <run_address>0xc005</run_address>
         <size>0x12f</size>
         <input_file_ref idref="fl-c"/>
      </object_component>
      <object_component id="oc-223">
         <name>.debug_info</name>
         <load_address>0xc134</load_address>
         <run_address>0xc134</run_address>
         <size>0x5c1</size>
         <input_file_ref idref="fl-c"/>
      </object_component>
      <object_component id="oc-2c6">
         <name>.debug_info</name>
         <load_address>0xc6f5</load_address>
         <run_address>0xc6f5</run_address>
         <size>0x367</size>
         <input_file_ref idref="fl-c"/>
      </object_component>
      <object_component id="oc-ac">
         <name>.debug_info</name>
         <load_address>0xca5c</load_address>
         <run_address>0xca5c</run_address>
         <size>0x4ad</size>
         <input_file_ref idref="fl-d"/>
      </object_component>
      <object_component id="oc-2ab">
         <name>.debug_info</name>
         <load_address>0xcf09</load_address>
         <run_address>0xcf09</run_address>
         <size>0x4de</size>
         <input_file_ref idref="fl-e"/>
      </object_component>
      <object_component id="oc-1fc">
         <name>.debug_info</name>
         <load_address>0xd3e7</load_address>
         <run_address>0xd3e7</run_address>
         <size>0x2098</size>
         <input_file_ref idref="fl-e"/>
      </object_component>
      <object_component id="oc-302">
         <name>.debug_info</name>
         <load_address>0xf47f</load_address>
         <run_address>0xf47f</run_address>
         <size>0x155</size>
         <input_file_ref idref="fl-e"/>
      </object_component>
      <object_component id="oc-238">
         <name>.debug_info</name>
         <load_address>0xf5d4</load_address>
         <run_address>0xf5d4</run_address>
         <size>0x5ec</size>
         <input_file_ref idref="fl-f"/>
      </object_component>
      <object_component id="oc-13e">
         <name>.debug_info</name>
         <load_address>0xfbc0</load_address>
         <run_address>0xfbc0</run_address>
         <size>0x2fc</size>
         <input_file_ref idref="fl-f"/>
      </object_component>
      <object_component id="oc-235">
         <name>.debug_info</name>
         <load_address>0xfebc</load_address>
         <run_address>0xfebc</run_address>
         <size>0x276</size>
         <input_file_ref idref="fl-f"/>
      </object_component>
      <object_component id="oc-11e">
         <name>.debug_info</name>
         <load_address>0x10132</load_address>
         <run_address>0x10132</run_address>
         <size>0x3089</size>
         <input_file_ref idref="fl-f"/>
      </object_component>
      <object_component id="oc-22f">
         <name>.debug_info</name>
         <load_address>0x131bb</load_address>
         <run_address>0x131bb</run_address>
         <size>0xda8</size>
         <input_file_ref idref="fl-f"/>
      </object_component>
      <object_component id="oc-2d0">
         <name>.debug_info</name>
         <load_address>0x13f63</load_address>
         <run_address>0x13f63</run_address>
         <size>0x141</size>
         <input_file_ref idref="fl-f"/>
      </object_component>
      <object_component id="oc-1a6">
         <name>.debug_info</name>
         <load_address>0x140a4</load_address>
         <run_address>0x140a4</run_address>
         <size>0xd9</size>
         <input_file_ref idref="fl-11"/>
      </object_component>
      <object_component id="oc-ee">
         <name>.debug_info</name>
         <load_address>0x1417d</load_address>
         <run_address>0x1417d</run_address>
         <size>0x1ea</size>
         <input_file_ref idref="fl-11"/>
      </object_component>
      <object_component id="oc-1c7">
         <name>.debug_info</name>
         <load_address>0x14367</load_address>
         <run_address>0x14367</run_address>
         <size>0x1d8</size>
         <input_file_ref idref="fl-11"/>
      </object_component>
      <object_component id="oc-296">
         <name>.debug_info</name>
         <load_address>0x1453f</load_address>
         <run_address>0x1453f</run_address>
         <size>0xc6</size>
         <input_file_ref idref="fl-11"/>
      </object_component>
      <object_component id="oc-197">
         <name>.debug_info</name>
         <load_address>0x14605</load_address>
         <run_address>0x14605</run_address>
         <size>0x1b5</size>
         <input_file_ref idref="fl-12"/>
      </object_component>
      <object_component id="oc-ba">
         <name>.debug_info</name>
         <load_address>0x147ba</load_address>
         <run_address>0x147ba</run_address>
         <size>0xef</size>
         <input_file_ref idref="fl-12"/>
      </object_component>
      <object_component id="oc-16a">
         <name>.debug_info</name>
         <load_address>0x148a9</load_address>
         <run_address>0x148a9</run_address>
         <size>0xc41</size>
         <input_file_ref idref="fl-12"/>
      </object_component>
      <object_component id="oc-31">
         <name>.debug_info</name>
         <load_address>0x154ea</load_address>
         <run_address>0x154ea</run_address>
         <size>0x216</size>
         <input_file_ref idref="fl-12"/>
      </object_component>
      <object_component id="oc-28a">
         <name>.debug_info</name>
         <load_address>0x15700</load_address>
         <run_address>0x15700</run_address>
         <size>0x91</size>
         <input_file_ref idref="fl-12"/>
      </object_component>
      <object_component id="oc-76">
         <name>.debug_info</name>
         <load_address>0x15791</load_address>
         <run_address>0x15791</run_address>
         <size>0x788</size>
         <input_file_ref idref="fl-13"/>
      </object_component>
      <object_component id="oc-37">
         <name>.debug_info</name>
         <load_address>0x15f19</load_address>
         <run_address>0x15f19</run_address>
         <size>0x10f</size>
         <input_file_ref idref="fl-14"/>
      </object_component>
      <object_component id="oc-124">
         <name>.debug_info</name>
         <load_address>0x16028</load_address>
         <run_address>0x16028</run_address>
         <size>0x382</size>
         <input_file_ref idref="fl-15"/>
      </object_component>
      <object_component id="oc-93">
         <name>.debug_info</name>
         <load_address>0x163aa</load_address>
         <run_address>0x163aa</run_address>
         <size>0x389</size>
         <input_file_ref idref="fl-15"/>
      </object_component>
      <object_component id="oc-29b">
         <name>.debug_info</name>
         <load_address>0x16733</load_address>
         <run_address>0x16733</run_address>
         <size>0xf8</size>
         <input_file_ref idref="fl-17"/>
      </object_component>
      <object_component id="oc-2fb">
         <name>.debug_info</name>
         <load_address>0x1682b</load_address>
         <run_address>0x1682b</run_address>
         <size>0x242</size>
         <input_file_ref idref="fl-17"/>
      </object_component>
      <object_component id="oc-1d1">
         <name>.debug_info</name>
         <load_address>0x16a6d</load_address>
         <run_address>0x16a6d</run_address>
         <size>0x2af</size>
         <input_file_ref idref="fl-17"/>
      </object_component>
      <object_component id="oc-3c">
         <name>.debug_info</name>
         <load_address>0x16d1c</load_address>
         <run_address>0x16d1c</run_address>
         <size>0x141</size>
         <input_file_ref idref="fl-18"/>
      </object_component>
      <object_component id="oc-f6">
         <name>.debug_info</name>
         <load_address>0x16e5d</load_address>
         <run_address>0x16e5d</run_address>
         <size>0x36e</size>
         <input_file_ref idref="fl-19"/>
      </object_component>
      <object_component id="oc-fb">
         <name>.debug_info</name>
         <load_address>0x171cb</load_address>
         <run_address>0x171cb</run_address>
         <size>0x4ba</size>
         <input_file_ref idref="fl-1a"/>
      </object_component>
      <object_component id="oc-81">
         <name>.debug_info</name>
         <load_address>0x17685</load_address>
         <run_address>0x17685</run_address>
         <size>0x2806</size>
         <input_file_ref idref="fl-1a"/>
      </object_component>
      <object_component id="oc-22">
         <name>.debug_info</name>
         <load_address>0x19e8b</load_address>
         <run_address>0x19e8b</run_address>
         <size>0x4f2</size>
         <input_file_ref idref="fl-1b"/>
      </object_component>
      <object_component id="oc-b2">
         <name>.debug_info</name>
         <load_address>0x1a37d</load_address>
         <run_address>0x1a37d</run_address>
         <size>0x324</size>
         <input_file_ref idref="fl-1c"/>
      </object_component>
      <object_component id="oc-2e">
         <name>.debug_info</name>
         <load_address>0x1a6a1</load_address>
         <run_address>0x1a6a1</run_address>
         <size>0xe9</size>
         <input_file_ref idref="fl-1c"/>
      </object_component>
      <object_component id="oc-43">
         <name>.debug_info</name>
         <load_address>0x1a78a</load_address>
         <run_address>0x1a78a</run_address>
         <size>0x47b</size>
         <input_file_ref idref="fl-1c"/>
      </object_component>
      <object_component id="oc-48">
         <name>.debug_info</name>
         <load_address>0x1ac05</load_address>
         <run_address>0x1ac05</run_address>
         <size>0x204</size>
         <input_file_ref idref="fl-1c"/>
      </object_component>
      <object_component id="oc-164">
         <name>.debug_info</name>
         <load_address>0x1ae09</load_address>
         <run_address>0x1ae09</run_address>
         <size>0x4f</size>
         <input_file_ref idref="fl-1c"/>
      </object_component>
      <object_component id="oc-f4">
         <name>.debug_info</name>
         <load_address>0x1ae58</load_address>
         <run_address>0x1ae58</run_address>
         <size>0x366</size>
         <input_file_ref idref="fl-1d"/>
      </object_component>
      <object_component id="oc-7b">
         <name>.debug_info</name>
         <load_address>0x1b1be</load_address>
         <run_address>0x1b1be</run_address>
         <size>0x73a</size>
         <input_file_ref idref="fl-1d"/>
      </object_component>
      <object_component id="oc-110">
         <name>.debug_info</name>
         <load_address>0x1b8f8</load_address>
         <run_address>0x1b8f8</run_address>
         <size>0x2ba</size>
         <input_file_ref idref="fl-d7"/>
      </object_component>
      <object_component id="oc-8d">
         <name>.debug_info</name>
         <load_address>0x1bbb2</load_address>
         <run_address>0x1bbb2</run_address>
         <size>0x161</size>
         <input_file_ref idref="fl-d7"/>
      </object_component>
      <object_component id="oc-1ef">
         <name>.debug_info</name>
         <load_address>0x1bd13</load_address>
         <run_address>0x1bd13</run_address>
         <size>0x39</size>
         <input_file_ref idref="fl-d7"/>
      </object_component>
      <object_component id="oc-1f4">
         <name>.debug_info</name>
         <load_address>0x1bd4c</load_address>
         <run_address>0x1bd4c</run_address>
         <size>0xcd</size>
         <input_file_ref idref="fl-d7"/>
      </object_component>
      <object_component id="oc-5b">
         <name>.debug_info</name>
         <load_address>0x1be19</load_address>
         <run_address>0x1be19</run_address>
         <size>0x10c</size>
         <input_file_ref idref="fl-d8"/>
      </object_component>
      <object_component id="oc-11">
         <name>.debug_info</name>
         <load_address>0x1bf25</load_address>
         <run_address>0x1bf25</run_address>
         <size>0x19b</size>
         <input_file_ref idref="fl-d8"/>
      </object_component>
      <object_component id="oc-56">
         <name>.debug_info</name>
         <load_address>0x1c0c0</load_address>
         <run_address>0x1c0c0</run_address>
         <size>0x46</size>
         <input_file_ref idref="fl-d8"/>
      </object_component>
      <object_component id="oc-d5">
         <name>.debug_info</name>
         <load_address>0x1c106</load_address>
         <run_address>0x1c106</run_address>
         <size>0x2c</size>
         <input_file_ref idref="fl-d8"/>
      </object_component>
      <object_component id="oc-63">
         <name>.debug_info</name>
         <load_address>0x1c132</load_address>
         <run_address>0x1c132</run_address>
         <size>0x105</size>
         <input_file_ref idref="fl-d9"/>
      </object_component>
      <object_component id="oc-5d">
         <name>.debug_info</name>
         <load_address>0x1c237</load_address>
         <run_address>0x1c237</run_address>
         <size>0x218</size>
         <input_file_ref idref="fl-d9"/>
      </object_component>
      <object_component id="oc-19">
         <name>.debug_info</name>
         <load_address>0x1c44f</load_address>
         <run_address>0x1c44f</run_address>
         <size>0x182</size>
         <input_file_ref idref="fl-d9"/>
      </object_component>
      <object_component id="oc-64">
         <name>.debug_info</name>
         <load_address>0x1c5d1</load_address>
         <run_address>0x1c5d1</run_address>
         <size>0x39</size>
         <input_file_ref idref="fl-d9"/>
      </object_component>
      <object_component id="oc-1eb">
         <name>.debug_info</name>
         <load_address>0x1c60a</load_address>
         <run_address>0x1c60a</run_address>
         <size>0x1b1</size>
         <input_file_ref idref="fl-db"/>
      </object_component>
      <object_component id="oc-104">
         <name>.debug_info</name>
         <load_address>0x1c7bb</load_address>
         <run_address>0x1c7bb</run_address>
         <size>0x154</size>
         <input_file_ref idref="fl-db"/>
      </object_component>
      <object_component id="oc-29e">
         <name>.debug_info</name>
         <load_address>0x1c90f</load_address>
         <run_address>0x1c90f</run_address>
         <size>0x2c</size>
         <input_file_ref idref="fl-db"/>
      </object_component>
      <object_component id="oc-134">
         <name>.debug_info</name>
         <load_address>0x1c93b</load_address>
         <run_address>0x1c93b</run_address>
         <size>0x205</size>
         <input_file_ref idref="fl-dc"/>
      </object_component>
      <object_component id="oc-12e">
         <name>.debug_info</name>
         <load_address>0x1cb40</load_address>
         <run_address>0x1cb40</run_address>
         <size>0x156</size>
         <input_file_ref idref="fl-dc"/>
      </object_component>
      <object_component id="oc-9a">
         <name>.debug_info</name>
         <load_address>0x1cc96</load_address>
         <run_address>0x1cc96</run_address>
         <size>0x1e5</size>
         <input_file_ref idref="fl-dc"/>
      </object_component>
      <object_component id="oc-264">
         <name>.debug_info</name>
         <load_address>0x1ce7b</load_address>
         <run_address>0x1ce7b</run_address>
         <size>0x12c</size>
         <input_file_ref idref="fl-dd"/>
      </object_component>
      <object_component id="oc-261">
         <name>.debug_info</name>
         <load_address>0x1cfa7</load_address>
         <run_address>0x1cfa7</run_address>
         <size>0x111</size>
         <input_file_ref idref="fl-de"/>
      </object_component>
      <object_component id="oc-271">
         <name>.debug_info</name>
         <load_address>0x1d0b8</load_address>
         <run_address>0x1d0b8</run_address>
         <size>0x10a</size>
         <input_file_ref idref="fl-df"/>
      </object_component>
      <object_component id="oc-52">
         <name>.debug_info</name>
         <load_address>0x1d1c2</load_address>
         <run_address>0x1d1c2</run_address>
         <size>0x14d</size>
         <input_file_ref idref="fl-e0"/>
      </object_component>
      <object_component id="oc-d2">
         <name>.debug_info</name>
         <load_address>0x1d30f</load_address>
         <run_address>0x1d30f</run_address>
         <size>0x1f3</size>
         <input_file_ref idref="fl-e1"/>
      </object_component>
      <object_component id="oc-4e">
         <name>.debug_info</name>
         <load_address>0x1d502</load_address>
         <run_address>0x1d502</run_address>
         <size>0xd2</size>
         <input_file_ref idref="fl-e1"/>
      </object_component>
      <object_component id="oc-277">
         <name>.debug_info</name>
         <load_address>0x1d5d4</load_address>
         <run_address>0x1d5d4</run_address>
         <size>0x11d</size>
         <input_file_ref idref="fl-e1"/>
      </object_component>
      <object_component id="oc-176">
         <name>.debug_info</name>
         <load_address>0x1d6f1</load_address>
         <run_address>0x1d6f1</run_address>
         <size>0x851</size>
         <input_file_ref idref="fl-e1"/>
      </object_component>
      <object_component id="oc-19b">
         <name>.debug_info</name>
         <load_address>0x1df42</load_address>
         <run_address>0x1df42</run_address>
         <size>0x2c</size>
         <input_file_ref idref="fl-e1"/>
      </object_component>
      <object_component id="oc-1a0">
         <name>.debug_info</name>
         <load_address>0x1df6e</load_address>
         <run_address>0x1df6e</run_address>
         <size>0x62</size>
         <input_file_ref idref="fl-e1"/>
      </object_component>
      <object_component id="oc-6b">
         <name>.debug_info</name>
         <load_address>0x1dfd0</load_address>
         <run_address>0x1dfd0</run_address>
         <size>0x115</size>
         <input_file_ref idref="fl-e2"/>
      </object_component>
      <object_component id="oc-2ea">
         <name>.debug_info</name>
         <load_address>0x1e0e5</load_address>
         <run_address>0x1e0e5</run_address>
         <size>0x105</size>
         <input_file_ref idref="fl-e3"/>
      </object_component>
      <object_component id="oc-269">
         <name>.debug_info</name>
         <load_address>0x1e1ea</load_address>
         <run_address>0x1e1ea</run_address>
         <size>0x1ef</size>
         <input_file_ref idref="fl-e3"/>
      </object_component>
      <object_component id="oc-2eb">
         <name>.debug_info</name>
         <load_address>0x1e3d9</load_address>
         <run_address>0x1e3d9</run_address>
         <size>0x39</size>
         <input_file_ref idref="fl-e3"/>
      </object_component>
      <object_component id="oc-10a">
         <name>.debug_info</name>
         <load_address>0x1e412</load_address>
         <run_address>0x1e412</run_address>
         <size>0x116</size>
         <input_file_ref idref="fl-e4"/>
      </object_component>
      <object_component id="oc-27d">
         <name>.debug_info</name>
         <load_address>0x1e528</load_address>
         <run_address>0x1e528</run_address>
         <size>0xc1</size>
         <input_file_ref idref="fl-e5"/>
      </object_component>
      <object_component id="oc-185">
         <name>.debug_info</name>
         <load_address>0x1e5e9</load_address>
         <run_address>0x1e5e9</run_address>
         <size>0x1be</size>
         <input_file_ref idref="fl-e5"/>
      </object_component>
      <object_component id="oc-27b">
         <name>.debug_info</name>
         <load_address>0x1e7a7</load_address>
         <run_address>0x1e7a7</run_address>
         <size>0xc1</size>
         <input_file_ref idref="fl-e6"/>
      </object_component>
      <object_component id="oc-17d">
         <name>.debug_info</name>
         <load_address>0x1e868</load_address>
         <run_address>0x1e868</run_address>
         <size>0x1a6</size>
         <input_file_ref idref="fl-e6"/>
      </object_component>
      <object_component id="oc-275">
         <name>.debug_info</name>
         <load_address>0x1ea0e</load_address>
         <run_address>0x1ea0e</run_address>
         <size>0xbb</size>
         <input_file_ref idref="fl-e7"/>
      </object_component>
      <object_component id="oc-171">
         <name>.debug_info</name>
         <load_address>0x1eac9</load_address>
         <run_address>0x1eac9</run_address>
         <size>0x19f</size>
         <input_file_ref idref="fl-e7"/>
      </object_component>
      <object_component id="oc-25c">
         <name>.debug_info</name>
         <load_address>0x1ec68</load_address>
         <run_address>0x1ec68</run_address>
         <size>0xf6</size>
         <input_file_ref idref="fl-e8"/>
      </object_component>
      <object_component id="oc-24f">
         <name>.debug_info</name>
         <load_address>0x1ed5e</load_address>
         <run_address>0x1ed5e</run_address>
         <size>0xf5</size>
         <input_file_ref idref="fl-e9"/>
      </object_component>
      <object_component id="oc-131">
         <name>.debug_info</name>
         <load_address>0x1ee53</load_address>
         <run_address>0x1ee53</run_address>
         <size>0xe4</size>
         <input_file_ref idref="fl-e9"/>
      </object_component>
      <object_component id="oc-24a">
         <name>.debug_info</name>
         <load_address>0x1ef37</load_address>
         <run_address>0x1ef37</run_address>
         <size>0x1f0</size>
         <input_file_ref idref="fl-e9"/>
      </object_component>
      <object_component id="oc-2e6">
         <name>.debug_info</name>
         <load_address>0x1f127</load_address>
         <run_address>0x1f127</run_address>
         <size>0xf5</size>
         <input_file_ref idref="fl-ea"/>
      </object_component>
      <object_component id="oc-35c">
         <name>.debug_info</name>
         <load_address>0x1f21c</load_address>
         <run_address>0x1f21c</run_address>
         <size>0xae</size>
      </object_component>
      <object_component id="oc-287">
         <name>.debug_line</name>
         <load_address>0x0</load_address>
         <run_address>0x0</run_address>
         <size>0xe8</size>
         <input_file_ref idref="fl-2"/>
      </object_component>
      <object_component id="oc-281">
         <name>.debug_line</name>
         <load_address>0xe8</load_address>
         <run_address>0xe8</run_address>
         <size>0x3a</size>
         <input_file_ref idref="fl-2"/>
      </object_component>
      <object_component id="oc-285">
         <name>.debug_line</name>
         <load_address>0x122</load_address>
         <run_address>0x122</run_address>
         <size>0x3a</size>
         <input_file_ref idref="fl-2"/>
      </object_component>
      <object_component id="oc-27f">
         <name>.debug_line</name>
         <load_address>0x15c</load_address>
         <run_address>0x15c</run_address>
         <size>0x3a</size>
         <input_file_ref idref="fl-2"/>
      </object_component>
      <object_component id="oc-283">
         <name>.debug_line</name>
         <load_address>0x196</load_address>
         <run_address>0x196</run_address>
         <size>0x3a</size>
         <input_file_ref idref="fl-2"/>
      </object_component>
      <object_component id="oc-b7">
         <name>.debug_line</name>
         <load_address>0x1d0</load_address>
         <run_address>0x1d0</run_address>
         <size>0xef</size>
         <input_file_ref idref="fl-2"/>
      </object_component>
      <object_component id="oc-a9">
         <name>.debug_line</name>
         <load_address>0x2bf</load_address>
         <run_address>0x2bf</run_address>
         <size>0x73</size>
         <input_file_ref idref="fl-2"/>
      </object_component>
      <object_component id="oc-12b">
         <name>.debug_line</name>
         <load_address>0x332</load_address>
         <run_address>0x332</run_address>
         <size>0x20</size>
         <input_file_ref idref="fl-2"/>
      </object_component>
      <object_component id="oc-13b">
         <name>.debug_line</name>
         <load_address>0x352</load_address>
         <run_address>0x352</run_address>
         <size>0x5f</size>
         <input_file_ref idref="fl-2"/>
      </object_component>
      <object_component id="oc-e7">
         <name>.debug_line</name>
         <load_address>0x3b1</load_address>
         <run_address>0x3b1</run_address>
         <size>0x5f</size>
         <input_file_ref idref="fl-2"/>
      </object_component>
      <object_component id="oc-cd">
         <name>.debug_line</name>
         <load_address>0x410</load_address>
         <run_address>0x410</run_address>
         <size>0x71</size>
         <input_file_ref idref="fl-2"/>
      </object_component>
      <object_component id="oc-153">
         <name>.debug_line</name>
         <load_address>0x481</load_address>
         <run_address>0x481</run_address>
         <size>0x6e</size>
         <input_file_ref idref="fl-2"/>
      </object_component>
      <object_component id="oc-23e">
         <name>.debug_line</name>
         <load_address>0x4ef</load_address>
         <run_address>0x4ef</run_address>
         <size>0x6e</size>
         <input_file_ref idref="fl-2"/>
      </object_component>
      <object_component id="oc-292">
         <name>.debug_line</name>
         <load_address>0x55d</load_address>
         <run_address>0x55d</run_address>
         <size>0x6a</size>
         <input_file_ref idref="fl-2"/>
      </object_component>
      <object_component id="oc-c1">
         <name>.debug_line</name>
         <load_address>0x5c7</load_address>
         <run_address>0x5c7</run_address>
         <size>0x78</size>
         <input_file_ref idref="fl-3"/>
      </object_component>
      <object_component id="oc-1e9">
         <name>.debug_line</name>
         <load_address>0x63f</load_address>
         <run_address>0x63f</run_address>
         <size>0x6a</size>
         <input_file_ref idref="fl-4"/>
      </object_component>
      <object_component id="oc-8a">
         <name>.debug_line</name>
         <load_address>0x6a9</load_address>
         <run_address>0x6a9</run_address>
         <size>0x289</size>
         <input_file_ref idref="fl-4"/>
      </object_component>
      <object_component id="oc-2b">
         <name>.debug_line</name>
         <load_address>0x932</load_address>
         <run_address>0x932</run_address>
         <size>0x6e</size>
         <input_file_ref idref="fl-4"/>
      </object_component>
      <object_component id="oc-c8">
         <name>.debug_line</name>
         <load_address>0x9a0</load_address>
         <run_address>0x9a0</run_address>
         <size>0x6e</size>
         <input_file_ref idref="fl-4"/>
      </object_component>
      <object_component id="oc-149">
         <name>.debug_line</name>
         <load_address>0xa0e</load_address>
         <run_address>0xa0e</run_address>
         <size>0x6e</size>
         <input_file_ref idref="fl-4"/>
      </object_component>
      <object_component id="oc-100">
         <name>.debug_line</name>
         <load_address>0xa7c</load_address>
         <run_address>0xa7c</run_address>
         <size>0x6a</size>
         <input_file_ref idref="fl-4"/>
      </object_component>
      <object_component id="oc-162">
         <name>.debug_line</name>
         <load_address>0xae6</load_address>
         <run_address>0xae6</run_address>
         <size>0x6e</size>
         <input_file_ref idref="fl-4"/>
      </object_component>
      <object_component id="oc-2a4">
         <name>.debug_line</name>
         <load_address>0xb54</load_address>
         <run_address>0xb54</run_address>
         <size>0x20</size>
         <input_file_ref idref="fl-5"/>
      </object_component>
      <object_component id="oc-115">
         <name>.debug_line</name>
         <load_address>0xb74</load_address>
         <run_address>0xb74</run_address>
         <size>0x17f</size>
         <input_file_ref idref="fl-5"/>
      </object_component>
      <object_component id="oc-2a8">
         <name>.debug_line</name>
         <load_address>0xcf3</load_address>
         <run_address>0xcf3</run_address>
         <size>0x6a</size>
         <input_file_ref idref="fl-5"/>
      </object_component>
      <object_component id="oc-254">
         <name>.debug_line</name>
         <load_address>0xd5d</load_address>
         <run_address>0xd5d</run_address>
         <size>0x20</size>
         <input_file_ref idref="fl-6"/>
      </object_component>
      <object_component id="oc-a3">
         <name>.debug_line</name>
         <load_address>0xd7d</load_address>
         <run_address>0xd7d</run_address>
         <size>0xbc</size>
         <input_file_ref idref="fl-6"/>
      </object_component>
      <object_component id="oc-1ac">
         <name>.debug_line</name>
         <load_address>0xe39</load_address>
         <run_address>0xe39</run_address>
         <size>0x6e</size>
         <input_file_ref idref="fl-6"/>
      </object_component>
      <object_component id="oc-1b1">
         <name>.debug_line</name>
         <load_address>0xea7</load_address>
         <run_address>0xea7</run_address>
         <size>0x71</size>
         <input_file_ref idref="fl-6"/>
      </object_component>
      <object_component id="oc-1b6">
         <name>.debug_line</name>
         <load_address>0xf18</load_address>
         <run_address>0xf18</run_address>
         <size>0x6e</size>
         <input_file_ref idref="fl-6"/>
      </object_component>
      <object_component id="oc-1bb">
         <name>.debug_line</name>
         <load_address>0xf86</load_address>
         <run_address>0xf86</run_address>
         <size>0x6e</size>
         <input_file_ref idref="fl-6"/>
      </object_component>
      <object_component id="oc-1e6">
         <name>.debug_line</name>
         <load_address>0xff4</load_address>
         <run_address>0xff4</run_address>
         <size>0x73</size>
         <input_file_ref idref="fl-6"/>
      </object_component>
      <object_component id="oc-1c0">
         <name>.debug_line</name>
         <load_address>0x1067</load_address>
         <run_address>0x1067</run_address>
         <size>0x6e</size>
         <input_file_ref idref="fl-6"/>
      </object_component>
      <object_component id="oc-14e">
         <name>.debug_line</name>
         <load_address>0x10d5</load_address>
         <run_address>0x10d5</run_address>
         <size>0x70</size>
         <input_file_ref idref="fl-6"/>
      </object_component>
      <object_component id="oc-1d9">
         <name>.debug_line</name>
         <load_address>0x1145</load_address>
         <run_address>0x1145</run_address>
         <size>0x6d</size>
         <input_file_ref idref="fl-6"/>
      </object_component>
      <object_component id="oc-1c5">
         <name>.debug_line</name>
         <load_address>0x11b2</load_address>
         <run_address>0x11b2</run_address>
         <size>0x6e</size>
         <input_file_ref idref="fl-6"/>
      </object_component>
      <object_component id="oc-1cf">
         <name>.debug_line</name>
         <load_address>0x1220</load_address>
         <run_address>0x1220</run_address>
         <size>0x70</size>
         <input_file_ref idref="fl-6"/>
      </object_component>
      <object_component id="oc-1de">
         <name>.debug_line</name>
         <load_address>0x1290</load_address>
         <run_address>0x1290</run_address>
         <size>0x6e</size>
         <input_file_ref idref="fl-6"/>
      </object_component>
      <object_component id="oc-158">
         <name>.debug_line</name>
         <load_address>0x12fe</load_address>
         <run_address>0x12fe</run_address>
         <size>0x71</size>
         <input_file_ref idref="fl-6"/>
      </object_component>
      <object_component id="oc-15d">
         <name>.debug_line</name>
         <load_address>0x136f</load_address>
         <run_address>0x136f</run_address>
         <size>0x70</size>
         <input_file_ref idref="fl-6"/>
      </object_component>
      <object_component id="oc-31a">
         <name>.debug_line</name>
         <load_address>0x13df</load_address>
         <run_address>0x13df</run_address>
         <size>0x161</size>
         <input_file_ref idref="fl-7"/>
      </object_component>
      <object_component id="oc-216">
         <name>.debug_line</name>
         <load_address>0x1540</load_address>
         <run_address>0x1540</run_address>
         <size>0x6e</size>
         <input_file_ref idref="fl-7"/>
      </object_component>
      <object_component id="oc-20b">
         <name>.debug_line</name>
         <load_address>0x15ae</load_address>
         <run_address>0x15ae</run_address>
         <size>0x73</size>
         <input_file_ref idref="fl-7"/>
      </object_component>
      <object_component id="oc-df">
         <name>.debug_line</name>
         <load_address>0x1621</load_address>
         <run_address>0x1621</run_address>
         <size>0x20</size>
         <input_file_ref idref="fl-7"/>
      </object_component>
      <object_component id="oc-31e">
         <name>.debug_line</name>
         <load_address>0x1641</load_address>
         <run_address>0x1641</run_address>
         <size>0x72</size>
         <input_file_ref idref="fl-7"/>
      </object_component>
      <object_component id="oc-210">
         <name>.debug_line</name>
         <load_address>0x16b3</load_address>
         <run_address>0x16b3</run_address>
         <size>0x72</size>
         <input_file_ref idref="fl-7"/>
      </object_component>
      <object_component id="oc-220">
         <name>.debug_line</name>
         <load_address>0x1725</load_address>
         <run_address>0x1725</run_address>
         <size>0x5f</size>
         <input_file_ref idref="fl-7"/>
      </object_component>
      <object_component id="oc-243">
         <name>.debug_line</name>
         <load_address>0x1784</load_address>
         <run_address>0x1784</run_address>
         <size>0x6e</size>
         <input_file_ref idref="fl-7"/>
      </object_component>
      <object_component id="oc-329">
         <name>.debug_line</name>
         <load_address>0x17f2</load_address>
         <run_address>0x17f2</run_address>
         <size>0x161</size>
         <input_file_ref idref="fl-8"/>
      </object_component>
      <object_component id="oc-2af">
         <name>.debug_line</name>
         <load_address>0x1953</load_address>
         <run_address>0x1953</run_address>
         <size>0x5f</size>
         <input_file_ref idref="fl-8"/>
      </object_component>
      <object_component id="oc-32d">
[...]
         <value>0x800385c</value>
      </symbol>
      <symbol id="sm-6db">
         <name>xUARTTaskHandle</name>
         <value>0x8003860</value>
      </symbol>
      <symbol id="sm-6dc">
         <name>vTask1</name>
         <value>0xee60</value>
         <object_component_ref idref="oc-92"/>
      </symbol>
      <symbol id="sm-6dd">
         <name>main</name>
         <value>0xeeac</value>
         <object_component_ref idref="oc-92"/>
      </symbol>
      <symbol id="sm-6de">
         <name>UART_Task</name>
         <value>0xee90</value>
         <object_component_ref idref="oc-92"/>
      </symbol>
      <symbol id="sm-6f7">
         <name>phantomInterrupt</name>
         <value>0xffe0</value>
         <object_component_ref idref="oc-3b"/>
      </symbol>
      <symbol id="sm-700">
         <name>_pmuResetCounters_</name>
         <value>0xfad8</value>
         <object_component_ref idref="oc-f5"/>
      </symbol>
      <symbol id="sm-701">
         <name>_pmuGetEventCount_</name>
         <value>0xfb0c</value>
         <object_component_ref idref="oc-f5"/>
      </symbol>
      <symbol id="sm-702">
         <name>_pmuResetEventCounters_</name>
         <value>0xfac8</value>
         <object_component_ref idref="oc-f5"/>
      </symbol>
      <symbol id="sm-703">
         <name>_pmuStopCounters_</name>
         <value>0xfaf0</value>
         <object_component_ref idref="oc-f5"/>
      </symbol>
      <symbol id="sm-704">
         <name>_pmuInit_</name>
         <value>0xfa4c</value>
         <object_component_ref idref="oc-f5"/>
      </symbol>
      <symbol id="sm-705">
         <name>_pmuGetOverflow_</name>
         <value>0xfb18</value>
         <object_component_ref idref="oc-f5"/>
      </symbol>
      <symbol id="sm-706">
         <name>_pmuResetCycleCounter_</name>
         <value>0xfab8</value>
         <object_component_ref idref="oc-f5"/>
      </symbol>
      <symbol id="sm-707">
         <name>_pmuSetCountEvent_</name>
         <value>0xfaf8</value>
         <object_component_ref idref="oc-f5"/>
      </symbol>
      <symbol id="sm-708">
         <name>_pmuGetCycleCount_</name>
         <value>0xfb04</value>
         <object_component_ref idref="oc-f5"/>
      </symbol>
      <symbol id="sm-709">
         <name>_pmuEnableCountersGlobal_</name>
         <value>0xfa98</value>
         <object_component_ref idref="oc-f5"/>
      </symbol>
      <symbol id="sm-70a">
         <name>_pmuDisableCountersGlobal_</name>
         <value>0xfaa8</value>
         <object_component_ref idref="oc-f5"/>
      </symbol>
      <symbol id="sm-70b">
         <name>_pmuStartCounters_</name>
         <value>0xfae8</value>
         <object_component_ref idref="oc-f5"/>
      </symbol>
      <symbol id="sm-86f">
         <name>pbistSelfCheck</name>
         <value>0x82cc</value>
         <object_component_ref idref="oc-80"/>
      </symbol>
      <symbol id="sm-870">
         <name>fmcBus1ParityCheck</name>
         <value>0x9c00</value>
         <object_component_ref idref="oc-80"/>
      </symbol>
      <symbol id="sm-871">
         <name>can1ParityCheck</name>
         <value>0x90bc</value>
         <object_component_ref idref="oc-80"/>
      </symbol>
      <symbol id="sm-872">
         <name>enableParity</name>
         <value>0xa3d0</value>
         <object_component_ref idref="oc-80"/>
      </symbol>
      <symbol id="sm-873">
         <name>custom_dabort</name>
         <value>0x8df4</value>
         <object_component_ref idref="oc-80"/>
      </symbol>
      <symbol id="sm-874">
         <name>memoryInit</name>
         <value>0x8174</value>
         <object_component_ref idref="oc-80"/>
      </symbol>
      <symbol id="sm-875">
         <name>stcSelfCheck</name>
         <value>0x81b8</value>
         <object_component_ref idref="oc-80"/>
      </symbol>
      <symbol id="sm-876">
         <name>efcGetConfigValue</name>
         <value>0x9f98</value>
         <object_component_ref idref="oc-80"/>
      </symbol>
      <symbol id="sm-877">
         <name>can2ParityCheck</name>
         <value>0x9198</value>
         <object_component_ref idref="oc-80"/>
      </symbol>
      <symbol id="sm-878">
         <name>het1ParityCheck</name>
         <value>0x8eac</value>
         <object_component_ref idref="oc-80"/>
      </symbol>
      <symbol id="sm-879">
         <name>adc1ParityCheck</name>
         <value>0x9004</value>
         <object_component_ref idref="oc-80"/>
      </symbol>
      <symbol id="sm-87a">
         <name>checkefcSelfTest</name>
         <value>0x87bc</value>
         <object_component_ref idref="oc-80"/>
      </symbol>
      <symbol id="sm-87b">
         <name>checkRAMECC</name>
         <value>0x93bc</value>
         <object_component_ref idref="oc-80"/>
      </symbol>
      <symbol id="sm-87c">
         <name>stcSelfCheckFail</name>
         <value>0x8df8</value>
         <object_component_ref idref="oc-80"/>
      </symbol>
      <symbol id="sm-87d">
         <name>ccmSelfCheck</name>
         <value>0x8030</value>
         <object_component_ref idref="oc-80"/>
      </symbol>
      <symbol id="sm-87e">
         <name>efcCheck</name>
         <value>0x8660</value>
         <object_component_ref idref="oc-80"/>
      </symbol>
      <symbol id="sm-87f">
         <name>cpuSelfTest</name>
         <value>0x8234</value>
         <object_component_ref idref="oc-80"/>
      </symbol>
      <symbol id="sm-880">
         <name>htu1ParityCheck</name>
         <value>0x8f4c</value>
         <object_component_ref idref="oc-80"/>
      </symbol>
      <symbol id="sm-881">
         <name>checkFlashECC</name>
         <value>0x8d18</value>
         <object_component_ref idref="oc-80"/>
      </symbol>
      <symbol id="sm-882">
         <name>cpuSelfTestFail</name>
         <value>0x8dfc</value>
         <object_component_ref idref="oc-80"/>
      </symbol>
      <symbol id="sm-883">
         <name>checkPLL1Slip</name>
         <value>0x9880</value>
         <object_component_ref idref="oc-80"/>
      </symbol>
      <symbol id="sm-884">
         <name>mibspi1ParityCheck</name>
         <value>0x9260</value>
         <object_component_ref idref="oc-80"/>
      </symbol>
      <symbol id="sm-885">
         <name>ccmr4GetConfigValue</name>
         <value>0xa034</value>
         <object_component_ref idref="oc-80"/>
      </symbol>
      <symbol id="sm-886">
         <name>pbistPortTestStatus</name>
         <value>0x8608</value>
         <object_component_ref idref="oc-80"/>
      </symbol>
      <symbol id="sm-887">
         <name>checkFlashEEPROMECC</name>
         <value>0x96d8</value>
         <object_component_ref idref="oc-80"/>
      </symbol>
      <symbol id="sm-888">
         <name>pbistGetConfigValue</name>
         <value>0x9db0</value>
         <object_component_ref idref="oc-80"/>
      </symbol>
      <symbol id="sm-889">
         <name>vimParityCheck</name>
         <value>0x8e00</value>
         <object_component_ref idref="oc-80"/>
      </symbol>
      <symbol id="sm-88a">
         <name>pbistIsTestCompleted</name>
         <value>0x85a8</value>
         <object_component_ref idref="oc-80"/>
      </symbol>
      <symbol id="sm-88b">
         <name>disableParity</name>
         <value>0xa424</value>
         <object_component_ref idref="oc-80"/>
      </symbol>
      <symbol id="sm-88c">
         <name>pbistRun</name>
         <value>0x84ac</value>
         <object_component_ref idref="oc-80"/>
      </symbol>
      <symbol id="sm-88d">
         <name>pbistFail</name>
         <value>0x9d2c</value>
         <object_component_ref idref="oc-80"/>
      </symbol>
      <symbol id="sm-88e">
         <name>selftestFailNotification</name>
         <value>0x8020</value>
         <object_component_ref idref="oc-80"/>
      </symbol>
      <symbol id="sm-88f">
         <name>errata_PBIST_4</name>
         <value>0xa0b0</value>
         <object_component_ref idref="oc-80"/>
      </symbol>
      <symbol id="sm-890">
         <name>efcSelfTest</name>
         <value>0x8794</value>
         <object_component_ref idref="oc-80"/>
      </symbol>
      <symbol id="sm-891">
         <name>checkB1RAMECC</name>
         <value>0x8b28</value>
         <object_component_ref idref="oc-80"/>
      </symbol>
      <symbol id="sm-892">
         <name>pbistStop</name>
         <value>0x8578</value>
         <object_component_ref idref="oc-80"/>
      </symbol>
      <symbol id="sm-893">
         <name>checkRAMAddrParity</name>
         <value>0x999c</value>
         <object_component_ref idref="oc-80"/>
      </symbol>
      <symbol id="sm-894">
         <name>checkB0RAMECC</name>
         <value>0x8938</value>
         <object_component_ref idref="oc-80"/>
      </symbol>
      <symbol id="sm-895">
         <name>stcGetConfigValue</name>
         <value>0x9ef8</value>
         <object_component_ref idref="oc-80"/>
      </symbol>
      <symbol id="sm-896">
         <name>pbistIsTestPassed</name>
         <value>0x85d4</value>
         <object_component_ref idref="oc-80"/>
      </symbol>
      <symbol id="sm-897">
         <name>checkClockMonitor</name>
         <value>0x9604</value>
         <object_component_ref idref="oc-80"/>
      </symbol>
      <symbol id="sm-898">
         <name>fmcECCcheck</name>
         <value>0x8898</value>
         <object_component_ref idref="oc-80"/>
      </symbol>
      <symbol id="sm-899">
         <name>fmcBus2Check</name>
         <value>0x885c</value>
         <object_component_ref idref="oc-80"/>
      </symbol>
      <symbol id="sm-89a">
         <name>checkRAMUERRTest</name>
         <value>0x9aa4</value>
         <object_component_ref idref="oc-80"/>
      </symbol>
      <symbol id="sm-89b">
         <name>efcStuckZeroTest</name>
         <value>0x86e8</value>
         <object_component_ref idref="oc-80"/>
      </symbol>
      <symbol id="sm-8ba">
         <name>_c_int00</name>
         <value>0xea80</value>
         <object_component_ref idref="oc-21"/>
      </symbol>
      <symbol id="sm-951">
         <name>vimChannelMap</name>
         <value>0xb048</value>
         <object_component_ref idref="oc-42"/>
      </symbol>
      <symbol id="sm-952">
         <name>vimInit</name>
         <value>0xaf74</value>
         <object_component_ref idref="oc-42"/>
      </symbol>
      <symbol id="sm-953">
         <name>vimEnableInterrupt</name>
         <value>0xb0ec</value>
         <object_component_ref idref="oc-42"/>
      </symbol>
      <symbol id="sm-954">
         <name>vimDisableInterrupt</name>
         <value>0xb244</value>
         <object_component_ref idref="oc-42"/>
      </symbol>
      <symbol id="sm-955">
         <name>vimGetConfigValue</name>
         <value>0xb2c8</value>
         <object_component_ref idref="oc-42"/>
      </symbol>
      <symbol id="sm-956">
         <name>vimParityErrorHandler</name>
         <value>0xe1ac</value>
         <object_component_ref idref="oc-41"/>
      </symbol>
      <symbol id="sm-9a9">
         <name>systemGetConfigValue</name>
         <value>0xa81c</value>
         <object_component_ref idref="oc-7a"/>
      </symbol>
      <symbol id="sm-9aa">
         <name>trimLPO</name>
         <value>0xa560</value>
         <object_component_ref idref="oc-7a"/>
      </symbol>
      <symbol id="sm-9ab">
         <name>systemInit</name>
         <value>0xa720</value>
         <object_component_ref idref="oc-7a"/>
      </symbol>
      <symbol id="sm-9ac">
         <name>tcmflashGetConfigValue</name>
         <value>0xabdc</value>
         <object_component_ref idref="oc-7a"/>
      </symbol>
      <symbol id="sm-9ad">
         <name>sramGetConfigValue</name>
         <value>0xad88</value>
         <object_component_ref idref="oc-7a"/>
      </symbol>
      <symbol id="sm-9ae">
         <name>periphInit</name>
         <value>0xa5e8</value>
         <object_component_ref idref="oc-7a"/>
      </symbol>
      <symbol id="sm-9af">
         <name>setupFlash</name>
         <value>0xa5a8</value>
         <object_component_ref idref="oc-7a"/>
      </symbol>
      <symbol id="sm-9b0">
         <name>setupPLL</name>
         <value>0xa510</value>
         <object_component_ref idref="oc-7a"/>
      </symbol>
      <symbol id="sm-9b1">
         <name>mapClocks</name>
         <value>0xa63c</value>
         <object_component_ref idref="oc-7a"/>
      </symbol>
      <symbol id="sm-9b2">
         <name>systemPowerDown</name>
         <value>0xa7ec</value>
         <object_component_ref idref="oc-7a"/>
      </symbol>
      <symbol id="sm-9d6">
         <name>__TI_auto_init</name>
         <value>0xfbdc</value>
         <object_component_ref idref="oc-8c"/>
      </symbol>
      <symbol id="sm-9ed">
         <name>__TI_decompress_none</name>
         <value>0xffc4</value>
         <object_component_ref idref="oc-f"/>
      </symbol>
      <symbol id="sm-a0e">
         <name>__TI_decompress_rle24</name>
         <value>0xffd8</value>
         <object_component_ref idref="oc-15"/>
      </symbol>
      <symbol id="sm-a29">
         <name>copy_in</name>
         <value>0xfdb0</value>
         <object_component_ref idref="oc-103"/>
      </symbol>
      <symbol id="sm-a4a">
         <name>C$$EXIT</name>
         <value>0xfd20</value>
         <object_component_ref idref="oc-98"/>
      </symbol>
      <symbol id="sm-a4b">
         <name>abort</name>
         <value>0xfd28</value>
         <object_component_ref idref="oc-98"/>
      </symbol>
      <symbol id="sm-a4c">
         <name>exit</name>
         <value>0xfd34</value>
         <object_component_ref idref="oc-98"/>
      </symbol>
      <symbol id="sm-a4d">
         <name>__TI_dtors_ptr</name>
         <value>0x8003814</value>
         <object_component_ref idref="oc-12d"/>
      </symbol>
      <symbol id="sm-a4e">
         <name>__TI_cleanup_ptr</name>
         <value>0x8003810</value>
         <object_component_ref idref="oc-12d"/>
      </symbol>
      <symbol id="sm-a4f">
         <name>__TI_enable_exit_profile_output</name>
         <value>0x8003818</value>
         <object_component_ref idref="oc-12d"/>
      </symbol>
      <symbol id="sm-a66">
         <name>__aeabi_dsub</name>
         <value>0xe86c</value>
         <object_component_ref idref="oc-263"/>
      </symbol>
      <symbol id="sm-a67">
         <name>__aeabi_dadd</name>
         <value>0xe878</value>
         <object_component_ref idref="oc-263"/>
      </symbol>
      <symbol id="sm-a7b">
         <name>__aeabi_ddiv</name>
         <value>0xf1e0</value>
         <object_component_ref idref="oc-25e"/>
      </symbol>
      <symbol id="sm-a85">
         <name>__aeabi_d2uiz</name>
         <value>0xfeb4</value>
         <object_component_ref idref="oc-26e"/>
      </symbol>
      <symbol id="sm-a9e">
         <name>memcpy</name>
         <value>0xf370</value>
         <object_component_ref idref="oc-50"/>
      </symbol>
      <symbol id="sm-a9f">
         <name>__aeabi_memcpy</name>
         <value>0xf370</value>
         <object_component_ref idref="oc-50"/>
      </symbol>
      <symbol id="sm-aa0">
         <name>__aeabi_memcpy8</name>
         <value>0xf370</value>
         <object_component_ref idref="oc-50"/>
      </symbol>
      <symbol id="sm-aa1">
         <name>__aeabi_memcpy4</name>
         <value>0xf370</value>
         <object_component_ref idref="oc-50"/>
      </symbol>
      <symbol id="sm-b07">
         <name>_sys_memory</name>
         <value>0x8003000</value>
         <object_component_ref idref="oc-4d"/>
      </symbol>
      <symbol id="sm-b08">
         <name>free</name>
         <value>0xc8f8</value>
         <object_component_ref idref="oc-175"/>
      </symbol>
      <symbol id="sm-b09">
         <name>realloc</name>
         <value>0xca50</value>
         <object_component_ref idref="oc-175"/>
      </symbol>
      <symbol id="sm-b0a">
         <name>memalign</name>
         <value>0xcbe4</value>
         <object_component_ref idref="oc-175"/>
      </symbol>
      <symbol id="sm-b0b">
         <name>calloc</name>
         <value>0xcd24</value>
         <object_component_ref idref="oc-175"/>
      </symbol>
      <symbol id="sm-b0c">
         <name>malloc</name>
         <value>0xc83c</value>
         <object_component_ref idref="oc-175"/>
      </symbol>
      <symbol id="sm-b0d">
         <name>minit</name>
         <value>0xc740</value>
         <object_component_ref idref="oc-175"/>
      </symbol>
      <symbol id="sm-b1c">
         <name>__aeabi_memset</name>
         <value>0xfb30</value>
         <object_component_ref idref="oc-69"/>
      </symbol>
      <symbol id="sm-b1d">
         <name>memset</name>
         <value>0xfb3c</value>
         <object_component_ref idref="oc-69"/>
      </symbol>
      <symbol id="sm-b1e">
         <name>__aeabi_memset8</name>
         <value>0xfb30</value>
         <object_component_ref idref="oc-69"/>
      </symbol>
      <symbol id="sm-b1f">
         <name>__aeabi_memset4</name>
         <value>0xfb30</value>
         <object_component_ref idref="oc-69"/>
      </symbol>
      <symbol id="sm-b20">
         <name>__aeabi_memclr8</name>
         <value>0xfb2c</value>
         <object_component_ref idref="oc-69"/>
      </symbol>
      <symbol id="sm-b21">
         <name>__aeabi_memclr4</name>
         <value>0xfb2c</value>
         <object_component_ref idref="oc-69"/>
      </symbol>
      <symbol id="sm-b22">
         <name>__aeabi_memclr</name>
         <value>0xfb2c</value>
         <object_component_ref idref="oc-69"/>
      </symbol>
      <symbol id="sm-b42">
         <name>floorl</name>
         <value>0xf4f0</value>
         <object_component_ref idref="oc-268"/>
      </symbol>
      <symbol id="sm-b43">
         <name>floor</name>
         <value>0xf4f0</value>
         <object_component_ref idref="oc-268"/>
      </symbol>
      <symbol id="sm-b4d">
         <name>_system_post_cinit</name>
         <value>0xffe4</value>
         <object_component_ref idref="oc-109"/>
      </symbol>
      <symbol id="sm-b5c">
         <name>strcat</name>
         <value>0xff40</value>
         <object_component_ref idref="oc-181"/>
      </symbol>
      <symbol id="sm-b6a">
         <name>strcpy</name>
         <value>0xffac</value>
         <object_component_ref idref="oc-17b"/>
      </symbol>
      <symbol id="sm-b78">
         <name>strlen</name>
         <value>0xff8c</value>
         <object_component_ref idref="oc-16f"/>
      </symbol>
      <symbol id="sm-b82">
         <name>__aeabi_ui2d</name>
         <value>0xff0c</value>
         <object_component_ref idref="oc-259"/>
      </symbol>
      <symbol id="sm-b9c">
         <name>_nop</name>
         <value>0xff80</value>
         <object_component_ref idref="oc-247"/>
      </symbol>
      <symbol id="sm-b9d">
         <name>_lock</name>
         <value>0x8003828</value>
         <object_component_ref idref="oc-130"/>
      </symbol>
      <symbol id="sm-b9e">
         <name>_unlock</name>
         <value>0x800382c</value>
         <object_component_ref idref="oc-130"/>
      </symbol>
      <symbol id="sm-b9f">
         <name>_register_lock</name>
         <value>0xff74</value>
         <object_component_ref idref="oc-247"/>
      </symbol>
      <symbol id="sm-ba0">
         <name>_register_unlock</name>
         <value>0xff68</value>
         <object_component_ref idref="oc-247"/>
      </symbol>
      <symbol id="sm-bb2">
         <name>__aeabi_cdrcmple</name>
         <value>0xf96c</value>
         <object_component_ref idref="oc-2e4"/>
      </symbol>
      <symbol id="sm-bb3">
         <name>__TI_static_base__</name>
         <value>0x0</value>
      </symbol>
      <symbol id="sm-bb7">
         <name>SHT$$INIT_ARRAY$$Base</name>
         <value>0x0</value>
      </symbol>
      <symbol id="sm-bb8">
         <name>SHT$$INIT_ARRAY$$Limit</name>
         <value>0x0</value>
      </symbol>
   </symbol_table>
   <title>Link successful</title>
</link_info>
