******************************************************************************
                  TI ARM Linker PC v15.12.3                    
******************************************************************************
>> Linked Wed Feb 15 13:39:55 2017

OUTPUT FILE NAME:   <RTOS_Blinky.out>
ENTRY POINT SYMBOL: "_c_int00"  address: 0000d928


MEMORY CONFIGURATION

         name            origin    length      used     unused   attr    fill
----------------------  --------  ---------  --------  --------  ----  --------
  VECTORS               00000000   00000020  00000020  00000000     X
  KERNEL                00000020   00008000  00003980  00004680  R  X
  FLASH0                00008020   00057fe0  00006820  000517c0  R  X
  STACKS                08000000   00000800  00000000  00000800  RW  
  KRAM                  08000800   00000800  00000108  000006f8  RW  
  RAM                   08001000   00007000  00002030  00004fd0  RW  


SEGMENT ALLOCATION MAP

run origin  load origin   length   init length attrs members
----------  ----------- ---------- ----------- ----- -------
00000000    00000000    000039a4   000039a4    r-x
  00000000    00000000    00000020   00000020    r-x .intvecs
  00000020    00000020    0000390c   0000390c    r-x .kernelTEXT
  00003930    00003930    00000074   00000074    r-- .cinit
00008020    00008020    00006820   00006820    r-x
  00008020    00008020    0000669c   0000669c    r-x .text
  0000e6bc    0000e6bc    00000184   00000184    r-- .const
08000800    08000800    00000108   00000000    rw-
  08000800    08000800    00000108   00000000    rw- .kernelBSS
08001000    08001000    00002030   00000000    rw-
  08001000    08001000    00002000   00000000    rw- .kernelHEAP
  08003000    08003000    00000024   00000000    rw- .data
  08003024    08003024    0000000c   00000000    rw- .bss


SECTION ALLOCATION MAP

 output                                  attributes/
section   page    origin      length       input sections
--------  ----  ----------  ----------   ----------------
.intvecs   0    00000000    00000020     
                  00000000    00000020     sys_intvecs.obj (.intvecs)

.kernelTEXT 
*          0    00000020    0000390c     
                  00000020    00001cd8     os_tasks.obj (.kernelTEXT)
                  00001cf8    00001124     os_queue.obj (.kernelTEXT)
                  00002e1c    000003bc     os_port.obj (.kernelTEXT)
                  000031d8    000003b0     os_portasm.obj (.kernelTEXT)
                  00003588    000003a4     os_heap.obj (.kernelTEXT)

.cinit     0    00003930    00000074     
                  00003930    00000014     (.cinit..kernelBSS.load) [load image, compression = rle]
                  00003944    00000004     --HOLE-- [fill = 0]
                  00003948    00000012     (.cinit..data.load) [load image, compression = rle]
                  0000395a    00000006     --HOLE-- [fill = 0]
                  00003960    0000000b     (.cinit..kernelHEAP.load) [load image, compression = rle]
                  0000396b    00000005     --HOLE-- [fill = 0]
                  00003970    00000009     (.cinit..bss.load) [load image, compression = rle]
                  00003979    00000003     --HOLE-- [fill = 0]
                  0000397c    00000008     (__TI_handler_table)
                  00003984    00000020     (__TI_cinit_table)

.text      0    00008020    0000669c     
                  00008020    000024f0     sys_selftest.obj (.text)
                  0000a510    00000a64     system.obj (.text)
                  0000af74    0000089c     sys_vim.obj (.text)
                  0000b810    00000844     os_tasks.obj (.text)
                  0000c054    000005e8     esm.obj (.text)
                  0000c63c    00000588     os_mpu_wrappers.obj (.text)
                  0000cbc4    0000036c     gio.obj (.text)
                  0000cf30    000002d0     sys_core.obj (.text)
                  0000d200    00000284     os_heap.obj (.text)
                  0000d484    0000026c     sys_vim.obj (.text:retain)
                  0000d6f0    00000238     os_list.obj (.text)
                  0000d928    00000208     sys_startup.obj (.text:retain)
                  0000db30    000001b4     os_port.obj (.text)
                  0000dce4    00000180     rtsv7R4_A_be_eabi.lib : memcpy32.obj (.text)
                  0000de64    00000150     pinmux.obj (.text)
                  0000dfb4    000000ec     esm.obj (.text:retain)
                  0000e0a0    000000e8     dabort.obj (.text)
                  0000e188    000000e0     sys_pmu.obj (.text)
                  0000e268    000000b0     rtsv7R4_A_be_eabi.lib : memset32.obj (.text)
                  0000e318    000000a8                           : autoinit.obj (.text)
                  0000e3c0    0000009c                           : copy_decompress_rle.obj (.text)
                  0000e45c    00000098     sys_main.obj (.text)
                  0000e4f4    00000090     rtsv7R4_A_be_eabi.lib : exit.obj (.text)
                  0000e584    00000084                           : cpy_tbl.obj (.text)
                  0000e608    0000006c     notification.obj (.text)
                  0000e674    00000024     rtsv7R4_A_be_eabi.lib : _lock.obj (.text)
                  0000e698    00000014                           : copy_decompress_none.obj (.text:decompress:none)
                  0000e6ac    00000008                           : copy_decompress_rle.obj (.text:decompress:rle24)
                  0000e6b4    00000004     sys_phantom.obj (.text:retain)
                  0000e6b8    00000004     rtsv7R4_A_be_eabi.lib : startup.obj (.text)

.const     0    0000e6bc    00000184     
                  0000e6bc    00000180     sys_vim.obj (.const:s_vim_init)
                  0000e83c    00000004     os_heap.obj (.const)

.kernelBSS 
*          0    08000800    00000108     UNINITIALIZED
                  08000800    000000d0     os_tasks.obj (.kernelBSS:uninit)
                  080008d0    00000030     os_tasks.obj (.kernelBSS:init)
                  08000900    00000008     os_port.obj (.kernelBSS)

.kernelHEAP 
*          0    08001000    00002000     UNINITIALIZED
                  08001000    00002000     os_heap.obj (.kernelHEAP)

.data      0    08003000    00000024     UNINITIALIZED
                  08003000    00000010     os_heap.obj (.data)
                  08003010    0000000c     rtsv7R4_A_be_eabi.lib : exit.obj (.data:$O1$$)
                  0800301c    00000008                           : _lock.obj (.data:$O1$$)

.bss       0    08003024    0000000c     UNINITIALIZED
                  08003024    00000008     os_heap.obj (.bss:xStart)
                  0800302c    00000004     (.common:xTask1Handle)

MODULE SUMMARY

       Module                     code    ro data   rw data
       ------                     ----    -------   -------
    .\source\
       os_heap.obj                1576    4         8216   
       os_tasks.obj               9500    0         256    
       sys_selftest.obj           9456    0         0      
       os_queue.obj               4388    0         0      
       sys_vim.obj                2824    384       0      
       system.obj                 2660    0         0      
       esm.obj                    1748    0         0      
       os_mpu_wrappers.obj        1416    0         0      
       os_port.obj                1392    0         8      
       os_portasm.obj             944     0         0      
       gio.obj                    876     0         0      
       sys_core.obj               720     0         0      
       os_list.obj                568     0         0      
       sys_startup.obj            520     0         0      
       pinmux.obj                 336     0         0      
       dabort.obj                 232     0         0      
       sys_pmu.obj                224     0         0      
       sys_main.obj               152     0         4      
       notification.obj           108     0         0      
       sys_intvecs.obj            32      0         0      
       sys_phantom.obj            4       0         0      
    +--+--------------------------+-------+---------+---------+
       Total:                     39676   388       8484   
                                                           
    C:\TI\ccsv6\tools\compiler\arm_15.12.3.LTS\lib\rtsv7R4_A_be_eabi.lib
       memcpy32.obj               384     0         0      
       memset32.obj               176     0         0      
       autoinit.obj               168     0         0      
       copy_decompress_rle.obj    164     0         0      
       exit.obj                   144     0         12     
       cpy_tbl.obj                132     0         0      
       _lock.obj                  36      0         8      
       copy_decompress_none.obj   20      0         0      
       startup.obj                4       0         0      
    +--+--------------------------+-------+---------+---------+
       Total:                     1228    0         20     
                                                           
       Linker Generated:          0       98        0      
    +--+--------------------------+-------+---------+---------+
       Grand Total:               40904   486       8504   


LINKER GENERATED COPY TABLES

__TI_cinit_table @ 00003984 records: 4, size/record: 8, table size: 32
	.kernelBSS: load addr=00003930, load size=00000014 bytes, run addr=08000800, run size=00000108 bytes, compression=rle
	.data: load addr=00003948, load size=00000012 bytes, run addr=08003000, run size=00000024 bytes, compression=rle
	.kernelHEAP: load addr=00003960, load size=0000000b bytes, run addr=08001000, run size=00002000 bytes, compression=rle
	.bss: load addr=00003970, load size=00000009 bytes, run addr=08003024, run size=0000000c bytes, compression=rle


LINKER GENERATED HANDLER TABLE

__TI_handler_table @ 0000397c records: 2, size/record: 4, table size: 8
	index: 0, handler: __TI_decompress_rle24
	index: 1, handler: __TI_decompress_none


GLOBAL SYMBOLS: SORTED ALPHABETICALLY BY Name 

address   name                                
-------   ----                                
0000e4f4  C$$EXIT                             
0000cb14  MPU_pvPortMalloc                    
0000c9d8  MPU_uxQueueMessagesWaiting          
0000c8ac  MPU_uxTaskGetNumberOfTasks          
0000c8d8  MPU_uxTaskGetStackHighWaterMark     
0000c770  MPU_uxTaskPriorityGet               
0000cb48  MPU_vPortFree                       
0000cb74  MPU_vPortInitialiseBlocks           
0000ca60  MPU_vQueueDelete                    
0000c6b0  MPU_vTaskAllocateMPURegions         
0000c744  MPU_vTaskDelay                      
0000c710  MPU_vTaskDelayUntil                 
0000c6e4  MPU_vTaskDelete                     
0000c7a4  MPU_vTaskPrioritySet                
0000c804  MPU_vTaskResume                     
0000c7d8  MPU_vTaskSuspend                    
0000c830  MPU_vTaskSuspendAll                 
0000cb98  MPU_xPortGetFreeHeapSize            
0000c938  MPU_xQueueGenericCreate             
0000ca0c  MPU_xQueueGenericReceive            
0000ca8c  MPU_xQueueGenericReset              
0000c984  MPU_xQueueGenericSend               
0000cad0  MPU_xQueuePeekFromISR               
0000c63c  MPU_xTaskGenericCreate              
0000c90c  MPU_xTaskGetSchedulerState          
0000c880  MPU_xTaskGetTickCount               
0000c854  MPU_xTaskResumeAll                  
UNDEFED   SHT$$INIT_ARRAY$$Base               
UNDEFED   SHT$$INIT_ARRAY$$Limit              
00003984  __TI_CINIT_Base                     
000039a4  __TI_CINIT_Limit                    
0000397c  __TI_Handler_Table_Base             
00003984  __TI_Handler_Table_Limit            
0000d1f8  __TI_PINIT_Base                     
0000d1fc  __TI_PINIT_Limit                    
0000e318  __TI_auto_init                      
08003010  __TI_cleanup_ptr                    
0000e698  __TI_decompress_none                
0000e6ac  __TI_decompress_rle24               
08003014  __TI_dtors_ptr                      
08003018  __TI_enable_exit_profile_output     
ffffffff  __TI_pprof_out_hndl                 
ffffffff  __TI_prof_data_size                 
ffffffff  __TI_prof_data_start                
00000000  __TI_static_base__                  
0000e268  __aeabi_memclr                      
0000e268  __aeabi_memclr4                     
0000e268  __aeabi_memclr8                     
0000dce4  __aeabi_memcpy                      
0000dce4  __aeabi_memcpy4                     
0000dce4  __aeabi_memcpy8                     
0000e26c  __aeabi_memset                      
0000e26c  __aeabi_memset4                     
0000e26c  __aeabi_memset8                     
ffffffff  __binit__                           
ffffffff  __c_args__                          
0000d928  _c_int00                            
0000d120  _coreClearAuxiliaryDataFault_       
0000d134  _coreClearAuxiliaryInstructionFault_
0000d0f8  _coreClearDataFaultAddress_         
0000d0d0  _coreClearDataFault_                
0000d10c  _coreClearInstructionFaultAddress_  
0000d0e4  _coreClearInstructionFault_         
0000d064  _coreDisableEventBusExport_         
0000d0a8  _coreDisableFlashEcc_               
0000d084  _coreDisableRamEcc_                 
0000d054  _coreEnableEventBusExport_          
0000d094  _coreEnableFlashEcc_                
0000d0b8  _coreEnableIrqVicOffset_            
0000d074  _coreEnableRamEcc_                  
0000d118  _coreGetAuxiliaryDataFault_         
0000d12c  _coreGetAuxiliaryInstructionFault_  
0000d0f0  _coreGetDataFaultAddress_           
0000d0c8  _coreGetDataFault_                  
0000d104  _coreGetInstructionFaultAddress_    
0000d0dc  _coreGetInstructionFault_           
0000cf30  _coreInitRegisters_                 
0000cfe8  _coreInitStackPointer_              
0000e0a0  _dabort                             
0000d148  _disable_FIQ_interrupt_             
0000d150  _disable_IRQ_interrupt_             
0000d140  _disable_interrupt_                 
0000d158  _enable_interrupt_                  
0000d1e8  _errata_CORTEXR4_66_                
0000d160  _esmCcmErrorsClear_                 
0000d034  _getCPSRValue_                      
0000d03c  _gotoCPUIdle_                       
0800301c  _lock                               
0000e68c  _nop                                
0000e1e4  _pmuDisableCountersGlobal_          
0000e1d4  _pmuEnableCountersGlobal_           
0000e240  _pmuGetCycleCount_                  
0000e248  _pmuGetEventCount_                  
0000e254  _pmuGetOverflow_                    
0000e188  _pmuInit_                           
0000e214  _pmuResetCounters_                  
0000e1f4  _pmuResetCycleCounter_              
0000e204  _pmuResetEventCounters_             
0000e234  _pmuSetCountEvent_                  
0000e224  _pmuStartCounters_                  
0000e22c  _pmuStopCounters_                   
0000e680  _register_lock                      
0000e674  _register_unlock                    
0000e6b8  _system_post_cinit                  
08003020  _unlock                             
0000e4fc  abort                               
00009004  adc1ParityCheck                     
ffffffff  binit                               
000090bc  can1ParityCheck                     
00009198  can2ParityCheck                     
00008030  ccmSelfCheck                        
0000a034  ccmr4GetConfigValue                 
00008938  checkB0RAMECC                       
00008b28  checkB1RAMECC                       
00009604  checkClockMonitor                   
00008d18  checkFlashECC                       
000096d8  checkFlashEEPROMECC                 
00009880  checkPLL1Slip                       
0000999c  checkRAMAddrParity                  
000093bc  checkRAMECC                         
00009aa4  checkRAMUERRTest                    
000087bc  checkefcSelfTest                    
0000e584  copy_in                             
00008234  cpuSelfTest                         
00008dfc  cpuSelfTestFail                     
00008df4  custom_dabort                       
0000a424  disableParity                       
00008660  efcCheck                            
00009f98  efcGetConfigValue                   
00008794  efcSelfTest                         
000086e8  efcStuckZeroTest                    
0000a3d0  enableParity                        
0000a0b0  errata_PBIST_4                      
0000c1e0  esmActivateNormalOperation          
0000c2c4  esmClearStatus                      
0000c310  esmClearStatusBuffer                
0000c1a4  esmDisableError                     
0000c21c  esmDisableInterrupt                 
0000c178  esmEnableError                      
0000c1f0  esmEnableInterrupt                  
0000c410  esmEnterSelfTest                    
0000c15c  esmError                            
0000c4e8  esmGetConfigValue                   
0000c34c  esmGetStatus                        
0000c3d8  esmGetStatusBuffer                  
0000e608  esmGroup1Notification               
0000e618  esmGroup2Notification               
0000dfb4  esmHighInterrupt                    
0000c054  esmInit                             
0000c498  esmSelfTestStatus                   
0000c32c  esmSetCounterPreloadValue           
0000c248  esmSetInterruptLevel                
0000c1d0  esmTriggerErrorPinReset             
0000e508  exit                                
00009c00  fmcBus1ParityCheck                  
0000885c  fmcBus2Check                        
00008898  fmcECCcheck                         
0000cdbc  gioDisableNotification              
0000cd80  gioEnableNotification               
0000cce8  gioGetBit                           
0000cdf8  gioGetConfigValue                   
0000cd10  gioGetPort                          
0000cbc4  gioInit                             
0000e660  gioNotification                     
0000cc78  gioSetBit                           
0000cc58  gioSetDirection                     
0000ccc8  gioSetPort                          
0000cd28  gioToggleBit                        
00008eac  het1ParityCheck                     
00008f4c  htu1ParityCheck                     
0000e48c  main                                
0000a63c  mapClocks                           
0000dce4  memcpy                              
00008174  memoryInit                          
0000e628  memoryPort0TestFailNotification     
0000e644  memoryPort1TestFailNotification     
0000e278  memset                              
00009260  mibspi1ParityCheck                  
0000de64  muxInit                             
00009d2c  pbistFail                           
00009db0  pbistGetConfigValue                 
000085a8  pbistIsTestCompleted                
000085d4  pbistIsTestPassed                   
00008608  pbistPortTestStatus                 
000084ac  pbistRun                            
000082cc  pbistSelfCheck                      
00008578  pbistStop                           
0000a5e8  periphInit                          
0000e6b4  phantomInterrupt                    
0000deec  pinmuxGetConfigValue                
00003560  prvMpuDisable                       
00003548  prvMpuEnable                        
00003530  prvMpuSetRegion                     
00003588  pvPortMalloc                        
080008d0  pxCurrentTCB                        
00002e1c  pxPortInitialiseStack               
00000000  resetEntry                          
00008020  selftestFailNotification            
0000a5a8  setupFlash                          
0000a510  setupPLL                            
0000ad88  sramGetConfigValue                  
00009ef8  stcGetConfigValue                   
000081b8  stcSelfCheck                        
00008df8  stcSelfCheckFail                    
0000a81c  systemGetConfigValue                
0000a720  systemInit                          
0000a7ec  systemPowerDown                     
0000abdc  tcmflashGetConfigValue              
0000a560  trimLPO                             
08000900  ulCriticalNesting                   
0000346c  ulPortCountLeadingZeros             
08000904  ulTaskHasFPUContext                 
0000b898  ulTaskNotifyTake                    
0000d89c  uxListRemove                        
00002970  uxQueueMessagesWaiting              
000029f4  uxQueueMessagesWaitingFromISR       
000029a8  uxQueueSpacesAvailable              
00000f60  uxTaskGetNumberOfTasks              
00001bbc  uxTaskGetStackHighWaterMark         
00000660  uxTaskPriorityGet                   
000006a4  uxTaskPriorityGetFromISR            
00001c8c  uxTaskResetEventItemValue           
0000d6f0  vListInitialise                     
0000d748  vListInitialiseItem                 
0000d7d8  vListInsert                         
0000d764  vListInsertEnd                      
000031a4  vPortEndScheduler                   
000037f8  vPortFree                           
00003910  vPortInitialiseBlocks               
000033ac  vPortPreemptiveTick                 
00003474  vPortSWI                            
000031dc  vPortStartFirstTask                 
00002f0c  vPortStoreTaskMPUSettings           
000032f8  vPortYeildWithinAPI                 
0000324c  vPortYieldProcessor                 
00002a24  vQueueDelete                        
0000e45c  vTask1                              
000018b4  vTaskAllocateMPURegions             
00000594  vTaskDelay                          
000003fc  vTaskDelayUntil                     
000002bc  vTaskDelete                         
00000d50  vTaskEndScheduler                   
00001784  vTaskMissedYield                    
0000beec  vTaskNotifyGiveFromISR              
00001298  vTaskPlaceOnEventList               
00001350  vTaskPlaceOnUnorderedEventList      
000006ec  vTaskPrioritySet                    
00000af0  vTaskResume                         
0000163c  vTaskSetTimeOutState                
00000cbc  vTaskStartScheduler                 
000008e4  vTaskSuspend                        
00000d6c  vTaskSuspendAll                     
000011b4  vTaskSwitchContext                  
0000b048  vimChannelMap                       
0000b244  vimDisableInterrupt                 
0000b0ec  vimEnableInterrupt                  
0000b2c8  vimGetConfigValue                   
0000af74  vimInit                             
00008e00  vimParityCheck                      
0000d484  vimParityErrorHandler               
000038f8  xPortGetFreeHeapSize                
00003904  xPortGetMinimumEverFreeHeapSize     
00003180  xPortStartScheduler                 
00001e20  xQueueGenericCreate                 
00002484  xQueueGenericReceive                
00001cf8  xQueueGenericReset                  
00001f28  xQueueGenericSend                   
000021e8  xQueueGenericSendFromISR            
00002370  xQueueGiveFromISR                   
00002d40  xQueueIsQueueEmptyFromISR           
00002dcc  xQueueIsQueueFullFromISR            
0000287c  xQueuePeekFromISR                   
00002744  xQueueReceiveFromISR                
0800302c  xTask1Handle                        
0000167c  xTaskCheckForTimeOut                
00000020  xTaskGenericCreate                  
00001c3c  xTaskGetSchedulerState              
00000f20  xTaskGetTickCount                   
00000f3c  xTaskGetTickCountFromISR            
00000f7c  xTaskIncrementTick                  
0000bb6c  xTaskNotify                         
0000bd18  xTaskNotifyFromISR                  
0000b9e8  xTaskNotifyWait                     
0000144c  xTaskRemoveFromEventList            
00001538  xTaskRemoveFromUnorderedEventList   
00000d80  xTaskResumeAll                      
00000bd4  xTaskResumeFromISR                  


GLOBAL SYMBOLS: SORTED BY Symbol Address 

address   name                                
-------   ----                                
00000000  __TI_static_base__                  
00000000  resetEntry                          
00000020  xTaskGenericCreate                  
000002bc  vTaskDelete                         
000003fc  vTaskDelayUntil                     
00000594  vTaskDelay                          
00000660  uxTaskPriorityGet                   
000006a4  uxTaskPriorityGetFromISR            
000006ec  vTaskPrioritySet                    
000008e4  vTaskSuspend                        
00000af0  vTaskResume                         
00000bd4  xTaskResumeFromISR                  
00000cbc  vTaskStartScheduler                 
00000d50  vTaskEndScheduler                   
00000d6c  vTaskSuspendAll                     
00000d80  xTaskResumeAll                      
00000f20  xTaskGetTickCount                   
00000f3c  xTaskGetTickCountFromISR            
00000f60  uxTaskGetNumberOfTasks              
00000f7c  xTaskIncrementTick                  
000011b4  vTaskSwitchContext                  
00001298  vTaskPlaceOnEventList               
00001350  vTaskPlaceOnUnorderedEventList      
0000144c  xTaskRemoveFromEventList            
00001538  xTaskRemoveFromUnorderedEventList   
0000163c  vTaskSetTimeOutState                
0000167c  xTaskCheckForTimeOut                
00001784  vTaskMissedYield                    
000018b4  vTaskAllocateMPURegions             
00001bbc  uxTaskGetStackHighWaterMark         
00001c3c  xTaskGetSchedulerState              
00001c8c  uxTaskResetEventItemValue           
00001cf8  xQueueGenericReset                  
00001e20  xQueueGenericCreate                 
00001f28  xQueueGenericSend                   
000021e8  xQueueGenericSendFromISR            
00002370  xQueueGiveFromISR                   
00002484  xQueueGenericReceive                
00002744  xQueueReceiveFromISR                
0000287c  xQueuePeekFromISR                   
00002970  uxQueueMessagesWaiting              
000029a8  uxQueueSpacesAvailable              
000029f4  uxQueueMessagesWaitingFromISR       
00002a24  vQueueDelete                        
00002d40  xQueueIsQueueEmptyFromISR           
00002dcc  xQueueIsQueueFullFromISR            
00002e1c  pxPortInitialiseStack               
00002f0c  vPortStoreTaskMPUSettings           
00003180  xPortStartScheduler                 
000031a4  vPortEndScheduler                   
000031dc  vPortStartFirstTask                 
0000324c  vPortYieldProcessor                 
000032f8  vPortYeildWithinAPI                 
000033ac  vPortPreemptiveTick                 
0000346c  ulPortCountLeadingZeros             
00003474  vPortSWI                            
00003530  prvMpuSetRegion                     
00003548  prvMpuEnable                        
00003560  prvMpuDisable                       
00003588  pvPortMalloc                        
000037f8  vPortFree                           
000038f8  xPortGetFreeHeapSize                
00003904  xPortGetMinimumEverFreeHeapSize     
00003910  vPortInitialiseBlocks               
0000397c  __TI_Handler_Table_Base             
00003984  __TI_CINIT_Base                     
00003984  __TI_Handler_Table_Limit            
000039a4  __TI_CINIT_Limit                    
00008020  selftestFailNotification            
00008030  ccmSelfCheck                        
00008174  memoryInit                          
000081b8  stcSelfCheck                        
00008234  cpuSelfTest                         
000082cc  pbistSelfCheck                      
000084ac  pbistRun                            
00008578  pbistStop                           
000085a8  pbistIsTestCompleted                
000085d4  pbistIsTestPassed                   
00008608  pbistPortTestStatus                 
00008660  efcCheck                            
000086e8  efcStuckZeroTest                    
00008794  efcSelfTest                         
000087bc  checkefcSelfTest                    
0000885c  fmcBus2Check                        
00008898  fmcECCcheck                         
00008938  checkB0RAMECC                       
00008b28  checkB1RAMECC                       
00008d18  checkFlashECC                       
00008df4  custom_dabort                       
00008df8  stcSelfCheckFail                    
00008dfc  cpuSelfTestFail                     
00008e00  vimParityCheck                      
00008eac  het1ParityCheck                     
00008f4c  htu1ParityCheck                     
00009004  adc1ParityCheck                     
000090bc  can1ParityCheck                     
00009198  can2ParityCheck                     
00009260  mibspi1ParityCheck                  
000093bc  checkRAMECC                         
00009604  checkClockMonitor                   
000096d8  checkFlashEEPROMECC                 
00009880  checkPLL1Slip                       
0000999c  checkRAMAddrParity                  
00009aa4  checkRAMUERRTest                    
00009c00  fmcBus1ParityCheck                  
00009d2c  pbistFail                           
00009db0  pbistGetConfigValue                 
00009ef8  stcGetConfigValue                   
00009f98  efcGetConfigValue                   
0000a034  ccmr4GetConfigValue                 
0000a0b0  errata_PBIST_4                      
0000a3d0  enableParity                        
0000a424  disableParity                       
0000a510  setupPLL                            
0000a560  trimLPO                             
0000a5a8  setupFlash                          
0000a5e8  periphInit                          
0000a63c  mapClocks                           
0000a720  systemInit                          
0000a7ec  systemPowerDown                     
0000a81c  systemGetConfigValue                
0000abdc  tcmflashGetConfigValue              
0000ad88  sramGetConfigValue                  
0000af74  vimInit                             
0000b048  vimChannelMap                       
0000b0ec  vimEnableInterrupt                  
0000b244  vimDisableInterrupt                 
0000b2c8  vimGetConfigValue                   
0000b898  ulTaskNotifyTake                    
0000b9e8  xTaskNotifyWait                     
0000bb6c  xTaskNotify                         
0000bd18  xTaskNotifyFromISR                  
0000beec  vTaskNotifyGiveFromISR              
0000c054  esmInit                             
0000c15c  esmError                            
0000c178  esmEnableError                      
0000c1a4  esmDisableError                     
0000c1d0  esmTriggerErrorPinReset             
0000c1e0  esmActivateNormalOperation          
0000c1f0  esmEnableInterrupt                  
0000c21c  esmDisableInterrupt                 
0000c248  esmSetInterruptLevel                
0000c2c4  esmClearStatus                      
0000c310  esmClearStatusBuffer                
0000c32c  esmSetCounterPreloadValue           
0000c34c  esmGetStatus                        
0000c3d8  esmGetStatusBuffer                  
0000c410  esmEnterSelfTest                    
0000c498  esmSelfTestStatus                   
0000c4e8  esmGetConfigValue                   
0000c63c  MPU_xTaskGenericCreate              
0000c6b0  MPU_vTaskAllocateMPURegions         
0000c6e4  MPU_vTaskDelete                     
0000c710  MPU_vTaskDelayUntil                 
0000c744  MPU_vTaskDelay                      
0000c770  MPU_uxTaskPriorityGet               
0000c7a4  MPU_vTaskPrioritySet                
0000c7d8  MPU_vTaskSuspend                    
0000c804  MPU_vTaskResume                     
0000c830  MPU_vTaskSuspendAll                 
0000c854  MPU_xTaskResumeAll                  
0000c880  MPU_xTaskGetTickCount               
0000c8ac  MPU_uxTaskGetNumberOfTasks          
0000c8d8  MPU_uxTaskGetStackHighWaterMark     
0000c90c  MPU_xTaskGetSchedulerState          
0000c938  MPU_xQueueGenericCreate             
0000c984  MPU_xQueueGenericSend               
0000c9d8  MPU_uxQueueMessagesWaiting          
0000ca0c  MPU_xQueueGenericReceive            
0000ca60  MPU_vQueueDelete                    
0000ca8c  MPU_xQueueGenericReset              
0000cad0  MPU_xQueuePeekFromISR               
0000cb14  MPU_pvPortMalloc                    
0000cb48  MPU_vPortFree                       
0000cb74  MPU_vPortInitialiseBlocks           
0000cb98  MPU_xPortGetFreeHeapSize            
0000cbc4  gioInit                             
0000cc58  gioSetDirection                     
0000cc78  gioSetBit                           
0000ccc8  gioSetPort                          
0000cce8  gioGetBit                           
0000cd10  gioGetPort                          
0000cd28  gioToggleBit                        
0000cd80  gioEnableNotification               
0000cdbc  gioDisableNotification              
0000cdf8  gioGetConfigValue                   
0000cf30  _coreInitRegisters_                 
0000cfe8  _coreInitStackPointer_              
0000d034  _getCPSRValue_                      
0000d03c  _gotoCPUIdle_                       
0000d054  _coreEnableEventBusExport_          
0000d064  _coreDisableEventBusExport_         
0000d074  _coreEnableRamEcc_                  
0000d084  _coreDisableRamEcc_                 
0000d094  _coreEnableFlashEcc_                
0000d0a8  _coreDisableFlashEcc_               
0000d0b8  _coreEnableIrqVicOffset_            
0000d0c8  _coreGetDataFault_                  
0000d0d0  _coreClearDataFault_                
0000d0dc  _coreGetInstructionFault_           
0000d0e4  _coreClearInstructionFault_         
0000d0f0  _coreGetDataFaultAddress_           
0000d0f8  _coreClearDataFaultAddress_         
0000d104  _coreGetInstructionFaultAddress_    
0000d10c  _coreClearInstructionFaultAddress_  
0000d118  _coreGetAuxiliaryDataFault_         
0000d120  _coreClearAuxiliaryDataFault_       
0000d12c  _coreGetAuxiliaryInstructionFault_  
0000d134  _coreClearAuxiliaryInstructionFault_
0000d140  _disable_interrupt_                 
0000d148  _disable_FIQ_interrupt_             
0000d150  _disable_IRQ_interrupt_             
0000d158  _enable_interrupt_                  
0000d160  _esmCcmErrorsClear_                 
0000d1e8  _errata_CORTEXR4_66_                
0000d1f8  __TI_PINIT_Base                     
0000d1fc  __TI_PINIT_Limit                    
0000d484  vimParityErrorHandler               
0000d6f0  vListInitialise                     
0000d748  vListInitialiseItem                 
0000d764  vListInsertEnd                      
0000d7d8  vListInsert                         
0000d89c  uxListRemove                        
0000d928  _c_int00                            
0000dce4  __aeabi_memcpy                      
0000dce4  __aeabi_memcpy4                     
0000dce4  __aeabi_memcpy8                     
0000dce4  memcpy                              
0000de64  muxInit                             
0000deec  pinmuxGetConfigValue                
0000dfb4  esmHighInterrupt                    
0000e0a0  _dabort                             
0000e188  _pmuInit_                           
0000e1d4  _pmuEnableCountersGlobal_           
0000e1e4  _pmuDisableCountersGlobal_          
0000e1f4  _pmuResetCycleCounter_              
0000e204  _pmuResetEventCounters_             
0000e214  _pmuResetCounters_                  
0000e224  _pmuStartCounters_                  
0000e22c  _pmuStopCounters_                   
0000e234  _pmuSetCountEvent_                  
0000e240  _pmuGetCycleCount_                  
0000e248  _pmuGetEventCount_                  
0000e254  _pmuGetOverflow_                    
0000e268  __aeabi_memclr                      
0000e268  __aeabi_memclr4                     
0000e268  __aeabi_memclr8                     
0000e26c  __aeabi_memset                      
0000e26c  __aeabi_memset4                     
0000e26c  __aeabi_memset8                     
0000e278  memset                              
0000e318  __TI_auto_init                      
0000e45c  vTask1                              
0000e48c  main                                
0000e4f4  C$$EXIT                             
0000e4fc  abort                               
0000e508  exit                                
0000e584  copy_in                             
0000e608  esmGroup1Notification               
0000e618  esmGroup2Notification               
0000e628  memoryPort0TestFailNotification     
0000e644  memoryPort1TestFailNotification     
0000e660  gioNotification                     
0000e674  _register_unlock                    
0000e680  _register_lock                      
0000e68c  _nop                                
0000e698  __TI_decompress_none                
0000e6ac  __TI_decompress_rle24               
0000e6b4  phantomInterrupt                    
0000e6b8  _system_post_cinit                  
080008d0  pxCurrentTCB                        
08000900  ulCriticalNesting                   
08000904  ulTaskHasFPUContext                 
08003010  __TI_cleanup_ptr                    
08003014  __TI_dtors_ptr                      
08003018  __TI_enable_exit_profile_output     
0800301c  _lock                               
08003020  _unlock                             
0800302c  xTask1Handle                        
ffffffff  __TI_pprof_out_hndl                 
ffffffff  __TI_prof_data_size                 
ffffffff  __TI_prof_data_start                
ffffffff  __binit__                           
ffffffff  __c_args__                          
ffffffff  binit                               
UNDEFED   SHT$$INIT_ARRAY$$Base               
UNDEFED   SHT$$INIT_ARRAY$$Limit              

[287 symbols]
